[  1%] Built target robmovil_msgs__rs
[  2%] Built target robmovil_msgs__cpp
[  2%] Built target ament_cmake_python_copy_robmovil_msgs
[ 13%] Built target robmovil_msgs__rosidl_generator_c
[ 25%] Built target robmovil_msgs__rosidl_typesupport_introspection_cpp
[ 36%] Built target robmovil_msgs__rosidl_typesupport_cpp
[ 47%] Built target robmovil_msgs__rosidl_typesupport_fastrtps_cpp
[ 58%] Built target robmovil_msgs__rosidl_typesupport_c
[ 69%] Built target robmovil_msgs__rosidl_typesupport_introspection_c
[ 80%] Built target robmovil_msgs__rosidl_typesupport_fastrtps_c
[ 80%] Built target robmovil_msgs
[ 81%] Built target robmovil_msgs__py
[ 91%] Built target robmovil_msgs__rosidl_generator_py
[ 94%] Built target robmovil_msgs__rosidl_typesupport_introspection_c__pyext
[ 97%] Built target robmovil_msgs__rosidl_typesupport_fastrtps_c__pyext
[100%] Built target robmovil_msgs__rosidl_typesupport_c__pyext
running egg_info
writing robmovil_msgs.egg-info/PKG-INFO
writing dependency_links to robmovil_msgs.egg-info/dependency_links.txt
writing top-level names to robmovil_msgs.egg-info/top_level.txt
reading manifest file 'robmovil_msgs.egg-info/SOURCES.txt'
writing manifest file 'robmovil_msgs.egg-info/SOURCES.txt'
[100%] Built target ament_cmake_python_build_robmovil_msgs_egg
-- Install configuration: ""
-- Up-to-date: /root/ros2_ws/src/robotica/install/robmovil_msgs/share/ament_index/resource_index/rosidl_interfaces/robmovil_msgs
-- Up-to-date: /root/ros2_ws/src/robotica/install/robmovil_msgs/include/robmovil_msgs/robmovil_msgs
-- Up-to-date: /root/ros2_ws/src/robotica/install/robmovil_msgs/include/robmovil_msgs/robmovil_msgs/msg
-- Up-to-date: /root/ros2_ws/src/robotica/install/robmovil_msgs/include/robmovil_msgs/robmovil_msgs/msg/rosidl_generator_c__visibility_control.h
-- Up-to-date: /root/ros2_ws/src/robotica/install/robmovil_msgs/include/robmovil_msgs/robmovil_msgs/msg/encoder_ticks.h
-- Up-to-date: /root/ros2_ws/src/robotica/install/robmovil_msgs/include/robmovil_msgs/robmovil_msgs/msg/detail
-- Up-to-date: /root/ros2_ws/src/robotica/install/robmovil_msgs/include/robmovil_msgs/robmovil_msgs/msg/detail/encoder_ticks__functions.c
-- Up-to-date: /root/ros2_ws/src/robotica/install/robmovil_msgs/include/robmovil_msgs/robmovil_msgs/msg/detail/encoder_ticks__functions.h
-- Up-to-date: /root/ros2_ws/src/robotica/install/robmovil_msgs/include/robmovil_msgs/robmovil_msgs/msg/detail/encoder_ticks__struct.h
-- Up-to-date: /root/ros2_ws/src/robotica/install/robmovil_msgs/include/robmovil_msgs/robmovil_msgs/msg/detail/encoder_ticks__type_support.h
-- Up-to-date: /root/ros2_ws/src/robotica/install/robmovil_msgs/include/robmovil_msgs/robmovil_msgs/msg/detail/multi_encoder_ticks__functions.c
-- Up-to-date: /root/ros2_ws/src/robotica/install/robmovil_msgs/include/robmovil_msgs/robmovil_msgs/msg/detail/multi_encoder_ticks__functions.h
-- Up-to-date: /root/ros2_ws/src/robotica/install/robmovil_msgs/include/robmovil_msgs/robmovil_msgs/msg/detail/multi_encoder_ticks__struct.h
-- Up-to-date: /root/ros2_ws/src/robotica/install/robmovil_msgs/include/robmovil_msgs/robmovil_msgs/msg/detail/multi_encoder_ticks__type_support.h
-- Up-to-date: /root/ros2_ws/src/robotica/install/robmovil_msgs/include/robmovil_msgs/robmovil_msgs/msg/detail/trajectory__functions.c
-- Up-to-date: /root/ros2_ws/src/robotica/install/robmovil_msgs/include/robmovil_msgs/robmovil_msgs/msg/detail/trajectory__functions.h
-- Up-to-date: /root/ros2_ws/src/robotica/install/robmovil_msgs/include/robmovil_msgs/robmovil_msgs/msg/detail/trajectory__struct.h
-- Up-to-date: /root/ros2_ws/src/robotica/install/robmovil_msgs/include/robmovil_msgs/robmovil_msgs/msg/detail/trajectory__type_support.h
-- Up-to-date: /root/ros2_ws/src/robotica/install/robmovil_msgs/include/robmovil_msgs/robmovil_msgs/msg/detail/trajectory_point__functions.c
-- Up-to-date: /root/ros2_ws/src/robotica/install/robmovil_msgs/include/robmovil_msgs/robmovil_msgs/msg/detail/trajectory_point__functions.h
-- Up-to-date: /root/ros2_ws/src/robotica/install/robmovil_msgs/include/robmovil_msgs/robmovil_msgs/msg/detail/trajectory_point__struct.h
-- Up-to-date: /root/ros2_ws/src/robotica/install/robmovil_msgs/include/robmovil_msgs/robmovil_msgs/msg/detail/trajectory_point__type_support.h
-- Up-to-date: /root/ros2_ws/src/robotica/install/robmovil_msgs/include/robmovil_msgs/robmovil_msgs/msg/detail/landmark__functions.c
-- Up-to-date: /root/ros2_ws/src/robotica/install/robmovil_msgs/include/robmovil_msgs/robmovil_msgs/msg/detail/landmark__functions.h
-- Up-to-date: /root/ros2_ws/src/robotica/install/robmovil_msgs/include/robmovil_msgs/robmovil_msgs/msg/detail/landmark__struct.h
-- Up-to-date: /root/ros2_ws/src/robotica/install/robmovil_msgs/include/robmovil_msgs/robmovil_msgs/msg/detail/landmark__type_support.h
-- Up-to-date: /root/ros2_ws/src/robotica/install/robmovil_msgs/include/robmovil_msgs/robmovil_msgs/msg/detail/landmark_array__functions.c
-- Up-to-date: /root/ros2_ws/src/robotica/install/robmovil_msgs/include/robmovil_msgs/robmovil_msgs/msg/detail/landmark_array__functions.h
-- Up-to-date: /root/ros2_ws/src/robotica/install/robmovil_msgs/include/robmovil_msgs/robmovil_msgs/msg/detail/landmark_array__struct.h
-- Up-to-date: /root/ros2_ws/src/robotica/install/robmovil_msgs/include/robmovil_msgs/robmovil_msgs/msg/detail/landmark_array__type_support.h
-- Up-to-date: /root/ros2_ws/src/robotica/install/robmovil_msgs/include/robmovil_msgs/robmovil_msgs/msg/multi_encoder_ticks.h
-- Up-to-date: /root/ros2_ws/src/robotica/install/robmovil_msgs/include/robmovil_msgs/robmovil_msgs/msg/trajectory.h
-- Up-to-date: /root/ros2_ws/src/robotica/install/robmovil_msgs/include/robmovil_msgs/robmovil_msgs/msg/trajectory_point.h
-- Up-to-date: /root/ros2_ws/src/robotica/install/robmovil_msgs/include/robmovil_msgs/robmovil_msgs/msg/landmark.h
-- Up-to-date: /root/ros2_ws/src/robotica/install/robmovil_msgs/include/robmovil_msgs/robmovil_msgs/msg/landmark_array.h
-- Up-to-date: /root/ros2_ws/src/robotica/install/robmovil_msgs/share/robmovil_msgs/environment/library_path.sh
-- Up-to-date: /root/ros2_ws/src/robotica/install/robmovil_msgs/share/robmovil_msgs/environment/library_path.dsv
-- Up-to-date: /root/ros2_ws/src/robotica/install/robmovil_msgs/lib/librobmovil_msgs__rosidl_generator_c.so
-- Up-to-date: /root/ros2_ws/src/robotica/install/robmovil_msgs/include/robmovil_msgs/robmovil_msgs
-- Up-to-date: /root/ros2_ws/src/robotica/install/robmovil_msgs/include/robmovil_msgs/robmovil_msgs/msg
-- Up-to-date: /root/ros2_ws/src/robotica/install/robmovil_msgs/include/robmovil_msgs/robmovil_msgs/msg/rosidl_typesupport_fastrtps_c__visibility_control.h
-- Up-to-date: /root/ros2_ws/src/robotica/install/robmovil_msgs/include/robmovil_msgs/robmovil_msgs/msg/detail
-- Up-to-date: /root/ros2_ws/src/robotica/install/robmovil_msgs/include/robmovil_msgs/robmovil_msgs/msg/detail/encoder_ticks__rosidl_typesupport_fastrtps_c.h
-- Up-to-date: /root/ros2_ws/src/robotica/install/robmovil_msgs/include/robmovil_msgs/robmovil_msgs/msg/detail/multi_encoder_ticks__rosidl_typesupport_fastrtps_c.h
-- Up-to-date: /root/ros2_ws/src/robotica/install/robmovil_msgs/include/robmovil_msgs/robmovil_msgs/msg/detail/trajectory__rosidl_typesupport_fastrtps_c.h
-- Up-to-date: /root/ros2_ws/src/robotica/install/robmovil_msgs/include/robmovil_msgs/robmovil_msgs/msg/detail/trajectory_point__rosidl_typesupport_fastrtps_c.h
-- Up-to-date: /root/ros2_ws/src/robotica/install/robmovil_msgs/include/robmovil_msgs/robmovil_msgs/msg/detail/landmark__rosidl_typesupport_fastrtps_c.h
-- Up-to-date: /root/ros2_ws/src/robotica/install/robmovil_msgs/include/robmovil_msgs/robmovil_msgs/msg/detail/landmark_array__rosidl_typesupport_fastrtps_c.h
-- Up-to-date: /root/ros2_ws/src/robotica/install/robmovil_msgs/lib/librobmovil_msgs__rosidl_typesupport_fastrtps_c.so
-- Up-to-date: /root/ros2_ws/src/robotica/install/robmovil_msgs/include/robmovil_msgs/robmovil_msgs
-- Up-to-date: /root/ros2_ws/src/robotica/install/robmovil_msgs/include/robmovil_msgs/robmovil_msgs/msg
-- Up-to-date: /root/ros2_ws/src/robotica/install/robmovil_msgs/include/robmovil_msgs/robmovil_msgs/msg/rosidl_typesupport_introspection_c__visibility_control.h
-- Up-to-date: /root/ros2_ws/src/robotica/install/robmovil_msgs/include/robmovil_msgs/robmovil_msgs/msg/detail
-- Up-to-date: /root/ros2_ws/src/robotica/install/robmovil_msgs/include/robmovil_msgs/robmovil_msgs/msg/detail/encoder_ticks__rosidl_typesupport_introspection_c.h
-- Up-to-date: /root/ros2_ws/src/robotica/install/robmovil_msgs/include/robmovil_msgs/robmovil_msgs/msg/detail/encoder_ticks__type_support.c
-- Up-to-date: /root/ros2_ws/src/robotica/install/robmovil_msgs/include/robmovil_msgs/robmovil_msgs/msg/detail/multi_encoder_ticks__rosidl_typesupport_introspection_c.h
-- Up-to-date: /root/ros2_ws/src/robotica/install/robmovil_msgs/include/robmovil_msgs/robmovil_msgs/msg/detail/multi_encoder_ticks__type_support.c
-- Up-to-date: /root/ros2_ws/src/robotica/install/robmovil_msgs/include/robmovil_msgs/robmovil_msgs/msg/detail/trajectory__rosidl_typesupport_introspection_c.h
-- Up-to-date: /root/ros2_ws/src/robotica/install/robmovil_msgs/include/robmovil_msgs/robmovil_msgs/msg/detail/trajectory__type_support.c
-- Up-to-date: /root/ros2_ws/src/robotica/install/robmovil_msgs/include/robmovil_msgs/robmovil_msgs/msg/detail/trajectory_point__rosidl_typesupport_introspection_c.h
-- Up-to-date: /root/ros2_ws/src/robotica/install/robmovil_msgs/include/robmovil_msgs/robmovil_msgs/msg/detail/trajectory_point__type_support.c
-- Up-to-date: /root/ros2_ws/src/robotica/install/robmovil_msgs/include/robmovil_msgs/robmovil_msgs/msg/detail/landmark__rosidl_typesupport_introspection_c.h
-- Up-to-date: /root/ros2_ws/src/robotica/install/robmovil_msgs/include/robmovil_msgs/robmovil_msgs/msg/detail/landmark__type_support.c
-- Up-to-date: /root/ros2_ws/src/robotica/install/robmovil_msgs/include/robmovil_msgs/robmovil_msgs/msg/detail/landmark_array__rosidl_typesupport_introspection_c.h
-- Up-to-date: /root/ros2_ws/src/robotica/install/robmovil_msgs/include/robmovil_msgs/robmovil_msgs/msg/detail/landmark_array__type_support.c
-- Up-to-date: /root/ros2_ws/src/robotica/install/robmovil_msgs/lib/librobmovil_msgs__rosidl_typesupport_introspection_c.so
-- Up-to-date: /root/ros2_ws/src/robotica/install/robmovil_msgs/lib/librobmovil_msgs__rosidl_typesupport_c.so
-- Up-to-date: /root/ros2_ws/src/robotica/install/robmovil_msgs/include/robmovil_msgs/robmovil_msgs
-- Up-to-date: /root/ros2_ws/src/robotica/install/robmovil_msgs/include/robmovil_msgs/robmovil_msgs/msg
-- Up-to-date: /root/ros2_ws/src/robotica/install/robmovil_msgs/include/robmovil_msgs/robmovil_msgs/msg/rosidl_generator_cpp__visibility_control.hpp
-- Up-to-date: /root/ros2_ws/src/robotica/install/robmovil_msgs/include/robmovil_msgs/robmovil_msgs/msg/encoder_ticks.hpp
-- Up-to-date: /root/ros2_ws/src/robotica/install/robmovil_msgs/include/robmovil_msgs/robmovil_msgs/msg/detail
-- Up-to-date: /root/ros2_ws/src/robotica/install/robmovil_msgs/include/robmovil_msgs/robmovil_msgs/msg/detail/encoder_ticks__builder.hpp
-- Up-to-date: /root/ros2_ws/src/robotica/install/robmovil_msgs/include/robmovil_msgs/robmovil_msgs/msg/detail/encoder_ticks__struct.hpp
-- Up-to-date: /root/ros2_ws/src/robotica/install/robmovil_msgs/include/robmovil_msgs/robmovil_msgs/msg/detail/encoder_ticks__traits.hpp
-- Up-to-date: /root/ros2_ws/src/robotica/install/robmovil_msgs/include/robmovil_msgs/robmovil_msgs/msg/detail/encoder_ticks__type_support.hpp
-- Up-to-date: /root/ros2_ws/src/robotica/install/robmovil_msgs/include/robmovil_msgs/robmovil_msgs/msg/detail/multi_encoder_ticks__builder.hpp
-- Up-to-date: /root/ros2_ws/src/robotica/install/robmovil_msgs/include/robmovil_msgs/robmovil_msgs/msg/detail/multi_encoder_ticks__struct.hpp
-- Up-to-date: /root/ros2_ws/src/robotica/install/robmovil_msgs/include/robmovil_msgs/robmovil_msgs/msg/detail/multi_encoder_ticks__traits.hpp
-- Up-to-date: /root/ros2_ws/src/robotica/install/robmovil_msgs/include/robmovil_msgs/robmovil_msgs/msg/detail/multi_encoder_ticks__type_support.hpp
-- Up-to-date: /root/ros2_ws/src/robotica/install/robmovil_msgs/include/robmovil_msgs/robmovil_msgs/msg/detail/trajectory__builder.hpp
-- Up-to-date: /root/ros2_ws/src/robotica/install/robmovil_msgs/include/robmovil_msgs/robmovil_msgs/msg/detail/trajectory__struct.hpp
-- Up-to-date: /root/ros2_ws/src/robotica/install/robmovil_msgs/include/robmovil_msgs/robmovil_msgs/msg/detail/trajectory__traits.hpp
-- Up-to-date: /root/ros2_ws/src/robotica/install/robmovil_msgs/include/robmovil_msgs/robmovil_msgs/msg/detail/trajectory__type_support.hpp
-- Up-to-date: /root/ros2_ws/src/robotica/install/robmovil_msgs/include/robmovil_msgs/robmovil_msgs/msg/detail/trajectory_point__builder.hpp
-- Up-to-date: /root/ros2_ws/src/robotica/install/robmovil_msgs/include/robmovil_msgs/robmovil_msgs/msg/detail/trajectory_point__struct.hpp
-- Up-to-date: /root/ros2_ws/src/robotica/install/robmovil_msgs/include/robmovil_msgs/robmovil_msgs/msg/detail/trajectory_point__traits.hpp
-- Up-to-date: /root/ros2_ws/src/robotica/install/robmovil_msgs/include/robmovil_msgs/robmovil_msgs/msg/detail/trajectory_point__type_support.hpp
-- Up-to-date: /root/ros2_ws/src/robotica/install/robmovil_msgs/include/robmovil_msgs/robmovil_msgs/msg/detail/landmark__builder.hpp
-- Up-to-date: /root/ros2_ws/src/robotica/install/robmovil_msgs/include/robmovil_msgs/robmovil_msgs/msg/detail/landmark__struct.hpp
-- Up-to-date: /root/ros2_ws/src/robotica/install/robmovil_msgs/include/robmovil_msgs/robmovil_msgs/msg/detail/landmark__traits.hpp
-- Up-to-date: /root/ros2_ws/src/robotica/install/robmovil_msgs/include/robmovil_msgs/robmovil_msgs/msg/detail/landmark__type_support.hpp
-- Up-to-date: /root/ros2_ws/src/robotica/install/robmovil_msgs/include/robmovil_msgs/robmovil_msgs/msg/detail/landmark_array__builder.hpp
-- Up-to-date: /root/ros2_ws/src/robotica/install/robmovil_msgs/include/robmovil_msgs/robmovil_msgs/msg/detail/landmark_array__struct.hpp
-- Up-to-date: /root/ros2_ws/src/robotica/install/robmovil_msgs/include/robmovil_msgs/robmovil_msgs/msg/detail/landmark_array__traits.hpp
-- Up-to-date: /root/ros2_ws/src/robotica/install/robmovil_msgs/include/robmovil_msgs/robmovil_msgs/msg/detail/landmark_array__type_support.hpp
-- Up-to-date: /root/ros2_ws/src/robotica/install/robmovil_msgs/include/robmovil_msgs/robmovil_msgs/msg/multi_encoder_ticks.hpp
-- Up-to-date: /root/ros2_ws/src/robotica/install/robmovil_msgs/include/robmovil_msgs/robmovil_msgs/msg/trajectory.hpp
-- Up-to-date: /root/ros2_ws/src/robotica/install/robmovil_msgs/include/robmovil_msgs/robmovil_msgs/msg/trajectory_point.hpp
-- Up-to-date: /root/ros2_ws/src/robotica/install/robmovil_msgs/include/robmovil_msgs/robmovil_msgs/msg/landmark.hpp
-- Up-to-date: /root/ros2_ws/src/robotica/install/robmovil_msgs/include/robmovil_msgs/robmovil_msgs/msg/landmark_array.hpp
-- Up-to-date: /root/ros2_ws/src/robotica/install/robmovil_msgs/include/robmovil_msgs/robmovil_msgs
-- Up-to-date: /root/ros2_ws/src/robotica/install/robmovil_msgs/include/robmovil_msgs/robmovil_msgs/msg
-- Up-to-date: /root/ros2_ws/src/robotica/install/robmovil_msgs/include/robmovil_msgs/robmovil_msgs/msg/rosidl_typesupport_fastrtps_cpp__visibility_control.h
-- Up-to-date: /root/ros2_ws/src/robotica/install/robmovil_msgs/include/robmovil_msgs/robmovil_msgs/msg/detail
-- Up-to-date: /root/ros2_ws/src/robotica/install/robmovil_msgs/include/robmovil_msgs/robmovil_msgs/msg/detail/encoder_ticks__rosidl_typesupport_fastrtps_cpp.hpp
-- Up-to-date: /root/ros2_ws/src/robotica/install/robmovil_msgs/include/robmovil_msgs/robmovil_msgs/msg/detail/dds_fastrtps
-- Up-to-date: /root/ros2_ws/src/robotica/install/robmovil_msgs/include/robmovil_msgs/robmovil_msgs/msg/detail/multi_encoder_ticks__rosidl_typesupport_fastrtps_cpp.hpp
-- Up-to-date: /root/ros2_ws/src/robotica/install/robmovil_msgs/include/robmovil_msgs/robmovil_msgs/msg/detail/trajectory__rosidl_typesupport_fastrtps_cpp.hpp
-- Up-to-date: /root/ros2_ws/src/robotica/install/robmovil_msgs/include/robmovil_msgs/robmovil_msgs/msg/detail/trajectory_point__rosidl_typesupport_fastrtps_cpp.hpp
-- Up-to-date: /root/ros2_ws/src/robotica/install/robmovil_msgs/include/robmovil_msgs/robmovil_msgs/msg/detail/landmark__rosidl_typesupport_fastrtps_cpp.hpp
-- Up-to-date: /root/ros2_ws/src/robotica/install/robmovil_msgs/include/robmovil_msgs/robmovil_msgs/msg/detail/landmark_array__rosidl_typesupport_fastrtps_cpp.hpp
-- Up-to-date: /root/ros2_ws/src/robotica/install/robmovil_msgs/lib/librobmovil_msgs__rosidl_typesupport_fastrtps_cpp.so
-- Up-to-date: /root/ros2_ws/src/robotica/install/robmovil_msgs/include/robmovil_msgs/robmovil_msgs
-- Up-to-date: /root/ros2_ws/src/robotica/install/robmovil_msgs/include/robmovil_msgs/robmovil_msgs/msg
-- Up-to-date: /root/ros2_ws/src/robotica/install/robmovil_msgs/include/robmovil_msgs/robmovil_msgs/msg/detail
-- Up-to-date: /root/ros2_ws/src/robotica/install/robmovil_msgs/include/robmovil_msgs/robmovil_msgs/msg/detail/encoder_ticks__rosidl_typesupport_introspection_cpp.hpp
-- Up-to-date: /root/ros2_ws/src/robotica/install/robmovil_msgs/include/robmovil_msgs/robmovil_msgs/msg/detail/encoder_ticks__type_support.cpp
-- Up-to-date: /root/ros2_ws/src/robotica/install/robmovil_msgs/include/robmovil_msgs/robmovil_msgs/msg/detail/multi_encoder_ticks__rosidl_typesupport_introspection_cpp.hpp
-- Up-to-date: /root/ros2_ws/src/robotica/install/robmovil_msgs/include/robmovil_msgs/robmovil_msgs/msg/detail/multi_encoder_ticks__type_support.cpp
-- Up-to-date: /root/ros2_ws/src/robotica/install/robmovil_msgs/include/robmovil_msgs/robmovil_msgs/msg/detail/trajectory__rosidl_typesupport_introspection_cpp.hpp
-- Up-to-date: /root/ros2_ws/src/robotica/install/robmovil_msgs/include/robmovil_msgs/robmovil_msgs/msg/detail/trajectory__type_support.cpp
-- Up-to-date: /root/ros2_ws/src/robotica/install/robmovil_msgs/include/robmovil_msgs/robmovil_msgs/msg/detail/trajectory_point__rosidl_typesupport_introspection_cpp.hpp
-- Up-to-date: /root/ros2_ws/src/robotica/install/robmovil_msgs/include/robmovil_msgs/robmovil_msgs/msg/detail/trajectory_point__type_support.cpp
-- Up-to-date: /root/ros2_ws/src/robotica/install/robmovil_msgs/include/robmovil_msgs/robmovil_msgs/msg/detail/landmark__rosidl_typesupport_introspection_cpp.hpp
-- Up-to-date: /root/ros2_ws/src/robotica/install/robmovil_msgs/include/robmovil_msgs/robmovil_msgs/msg/detail/landmark__type_support.cpp
-- Up-to-date: /root/ros2_ws/src/robotica/install/robmovil_msgs/include/robmovil_msgs/robmovil_msgs/msg/detail/landmark_array__rosidl_typesupport_introspection_cpp.hpp
-- Up-to-date: /root/ros2_ws/src/robotica/install/robmovil_msgs/include/robmovil_msgs/robmovil_msgs/msg/detail/landmark_array__type_support.cpp
-- Up-to-date: /root/ros2_ws/src/robotica/install/robmovil_msgs/lib/librobmovil_msgs__rosidl_typesupport_introspection_cpp.so
-- Up-to-date: /root/ros2_ws/src/robotica/install/robmovil_msgs/lib/librobmovil_msgs__rosidl_typesupport_cpp.so
-- Up-to-date: /root/ros2_ws/src/robotica/install/robmovil_msgs/share/robmovil_msgs/environment/pythonpath.sh
-- Up-to-date: /root/ros2_ws/src/robotica/install/robmovil_msgs/share/robmovil_msgs/environment/pythonpath.dsv
-- Up-to-date: /root/ros2_ws/src/robotica/install/robmovil_msgs/local/lib/python3.10/dist-packages/robmovil_msgs-0.0.0-py3.10.egg-info
-- Installing: /root/ros2_ws/src/robotica/install/robmovil_msgs/local/lib/python3.10/dist-packages/robmovil_msgs-0.0.0-py3.10.egg-info/PKG-INFO
-- Installing: /root/ros2_ws/src/robotica/install/robmovil_msgs/local/lib/python3.10/dist-packages/robmovil_msgs-0.0.0-py3.10.egg-info/dependency_links.txt
-- Installing: /root/ros2_ws/src/robotica/install/robmovil_msgs/local/lib/python3.10/dist-packages/robmovil_msgs-0.0.0-py3.10.egg-info/top_level.txt
-- Installing: /root/ros2_ws/src/robotica/install/robmovil_msgs/local/lib/python3.10/dist-packages/robmovil_msgs-0.0.0-py3.10.egg-info/SOURCES.txt
-- Up-to-date: /root/ros2_ws/src/robotica/install/robmovil_msgs/local/lib/python3.10/dist-packages/robmovil_msgs
-- Up-to-date: /root/ros2_ws/src/robotica/install/robmovil_msgs/local/lib/python3.10/dist-packages/robmovil_msgs/__init__.py
-- Up-to-date: /root/ros2_ws/src/robotica/install/robmovil_msgs/local/lib/python3.10/dist-packages/robmovil_msgs/msg
-- Up-to-date: /root/ros2_ws/src/robotica/install/robmovil_msgs/local/lib/python3.10/dist-packages/robmovil_msgs/msg/_encoder_ticks.py
-- Up-to-date: /root/ros2_ws/src/robotica/install/robmovil_msgs/local/lib/python3.10/dist-packages/robmovil_msgs/msg/_encoder_ticks_s.c
-- Up-to-date: /root/ros2_ws/src/robotica/install/robmovil_msgs/local/lib/python3.10/dist-packages/robmovil_msgs/msg/_multi_encoder_ticks.py
-- Up-to-date: /root/ros2_ws/src/robotica/install/robmovil_msgs/local/lib/python3.10/dist-packages/robmovil_msgs/msg/_multi_encoder_ticks_s.c
-- Up-to-date: /root/ros2_ws/src/robotica/install/robmovil_msgs/local/lib/python3.10/dist-packages/robmovil_msgs/msg/_trajectory.py
-- Up-to-date: /root/ros2_ws/src/robotica/install/robmovil_msgs/local/lib/python3.10/dist-packages/robmovil_msgs/msg/_trajectory_s.c
-- Up-to-date: /root/ros2_ws/src/robotica/install/robmovil_msgs/local/lib/python3.10/dist-packages/robmovil_msgs/msg/_trajectory_point.py
-- Up-to-date: /root/ros2_ws/src/robotica/install/robmovil_msgs/local/lib/python3.10/dist-packages/robmovil_msgs/msg/_trajectory_point_s.c
-- Up-to-date: /root/ros2_ws/src/robotica/install/robmovil_msgs/local/lib/python3.10/dist-packages/robmovil_msgs/msg/_landmark.py
-- Up-to-date: /root/ros2_ws/src/robotica/install/robmovil_msgs/local/lib/python3.10/dist-packages/robmovil_msgs/msg/_landmark_s.c
-- Up-to-date: /root/ros2_ws/src/robotica/install/robmovil_msgs/local/lib/python3.10/dist-packages/robmovil_msgs/msg/_landmark_array.py
-- Up-to-date: /root/ros2_ws/src/robotica/install/robmovil_msgs/local/lib/python3.10/dist-packages/robmovil_msgs/msg/_landmark_array_s.c
-- Up-to-date: /root/ros2_ws/src/robotica/install/robmovil_msgs/local/lib/python3.10/dist-packages/robmovil_msgs/msg/__init__.py
-- Up-to-date: /root/ros2_ws/src/robotica/install/robmovil_msgs/local/lib/python3.10/dist-packages/robmovil_msgs/_robmovil_msgs_s.ep.rosidl_typesupport_fastrtps_c.c
-- Up-to-date: /root/ros2_ws/src/robotica/install/robmovil_msgs/local/lib/python3.10/dist-packages/robmovil_msgs/_robmovil_msgs_s.ep.rosidl_typesupport_introspection_c.c
-- Up-to-date: /root/ros2_ws/src/robotica/install/robmovil_msgs/local/lib/python3.10/dist-packages/robmovil_msgs/_robmovil_msgs_s.ep.rosidl_typesupport_c.c
-- Up-to-date: /root/ros2_ws/src/robotica/install/robmovil_msgs/local/lib/python3.10/dist-packages/robmovil_msgs/librobmovil_msgs__rosidl_generator_py.so
-- Up-to-date: /root/ros2_ws/src/robotica/install/robmovil_msgs/local/lib/python3.10/dist-packages/robmovil_msgs/robmovil_msgs_s__rosidl_typesupport_c.cpython-310-x86_64-linux-gnu.so
-- Up-to-date: /root/ros2_ws/src/robotica/install/robmovil_msgs/local/lib/python3.10/dist-packages/robmovil_msgs/robmovil_msgs_s__rosidl_typesupport_introspection_c.cpython-310-x86_64-linux-gnu.so
-- Up-to-date: /root/ros2_ws/src/robotica/install/robmovil_msgs/local/lib/python3.10/dist-packages/robmovil_msgs/robmovil_msgs_s__rosidl_typesupport_fastrtps_c.cpython-310-x86_64-linux-gnu.so
Listing '/root/ros2_ws/src/robotica/install/robmovil_msgs/local/lib/python3.10/dist-packages/robmovil_msgs'...
Listing '/root/ros2_ws/src/robotica/install/robmovil_msgs/local/lib/python3.10/dist-packages/robmovil_msgs/msg'...
-- Up-to-date: /root/ros2_ws/src/robotica/install/robmovil_msgs/local/lib/python3.10/dist-packages/robmovil_msgs/robmovil_msgs_s__rosidl_typesupport_fastrtps_c.cpython-310-x86_64-linux-gnu.so
-- Up-to-date: /root/ros2_ws/src/robotica/install/robmovil_msgs/local/lib/python3.10/dist-packages/robmovil_msgs/robmovil_msgs_s__rosidl_typesupport_introspection_c.cpython-310-x86_64-linux-gnu.so
-- Up-to-date: /root/ros2_ws/src/robotica/install/robmovil_msgs/local/lib/python3.10/dist-packages/robmovil_msgs/robmovil_msgs_s__rosidl_typesupport_c.cpython-310-x86_64-linux-gnu.so
-- Up-to-date: /root/ros2_ws/src/robotica/install/robmovil_msgs/lib/librobmovil_msgs__rosidl_generator_py.so
-- Up-to-date: /root/ros2_ws/src/robotica/install/robmovil_msgs/share/ament_index/resource_index/rust_packages/robmovil_msgs
-- Up-to-date: /root/ros2_ws/src/robotica/install/robmovil_msgs/share/robmovil_msgs/rust
-- Up-to-date: /root/ros2_ws/src/robotica/install/robmovil_msgs/share/robmovil_msgs/rust/src
-- Up-to-date: /root/ros2_ws/src/robotica/install/robmovil_msgs/share/robmovil_msgs/rust/src/msg.rs
-- Up-to-date: /root/ros2_ws/src/robotica/install/robmovil_msgs/share/robmovil_msgs/rust/src/msg
-- Up-to-date: /root/ros2_ws/src/robotica/install/robmovil_msgs/share/robmovil_msgs/rust/src/msg/rmw.rs
-- Up-to-date: /root/ros2_ws/src/robotica/install/robmovil_msgs/share/robmovil_msgs/rust/src/lib.rs
-- Up-to-date: /root/ros2_ws/src/robotica/install/robmovil_msgs/share/robmovil_msgs/rust/Cargo.toml
-- Up-to-date: /root/ros2_ws/src/robotica/install/robmovil_msgs/share/robmovil_msgs/rust/build.rs
-- Up-to-date: /root/ros2_ws/src/robotica/install/robmovil_msgs/share/robmovil_msgs/msg/EncoderTicks.idl
-- Up-to-date: /root/ros2_ws/src/robotica/install/robmovil_msgs/share/robmovil_msgs/msg/MultiEncoderTicks.idl
-- Up-to-date: /root/ros2_ws/src/robotica/install/robmovil_msgs/share/robmovil_msgs/msg/Trajectory.idl
-- Up-to-date: /root/ros2_ws/src/robotica/install/robmovil_msgs/share/robmovil_msgs/msg/TrajectoryPoint.idl
-- Up-to-date: /root/ros2_ws/src/robotica/install/robmovil_msgs/share/robmovil_msgs/msg/Landmark.idl
-- Up-to-date: /root/ros2_ws/src/robotica/install/robmovil_msgs/share/robmovil_msgs/msg/LandmarkArray.idl
-- Up-to-date: /root/ros2_ws/src/robotica/install/robmovil_msgs/share/robmovil_msgs/msg/EncoderTicks.msg
-- Up-to-date: /root/ros2_ws/src/robotica/install/robmovil_msgs/share/robmovil_msgs/msg/MultiEncoderTicks.msg
-- Up-to-date: /root/ros2_ws/src/robotica/install/robmovil_msgs/share/robmovil_msgs/msg/Trajectory.msg
-- Up-to-date: /root/ros2_ws/src/robotica/install/robmovil_msgs/share/robmovil_msgs/msg/TrajectoryPoint.msg
-- Up-to-date: /root/ros2_ws/src/robotica/install/robmovil_msgs/share/robmovil_msgs/msg/Landmark.msg
-- Up-to-date: /root/ros2_ws/src/robotica/install/robmovil_msgs/share/robmovil_msgs/msg/LandmarkArray.msg
-- Up-to-date: /root/ros2_ws/src/robotica/install/robmovil_msgs/share/ament_index/resource_index/package_run_dependencies/robmovil_msgs
-- Up-to-date: /root/ros2_ws/src/robotica/install/robmovil_msgs/share/ament_index/resource_index/parent_prefix_path/robmovil_msgs
-- Up-to-date: /root/ros2_ws/src/robotica/install/robmovil_msgs/share/robmovil_msgs/environment/ament_prefix_path.sh
-- Up-to-date: /root/ros2_ws/src/robotica/install/robmovil_msgs/share/robmovil_msgs/environment/ament_prefix_path.dsv
-- Up-to-date: /root/ros2_ws/src/robotica/install/robmovil_msgs/share/robmovil_msgs/environment/path.sh
-- Up-to-date: /root/ros2_ws/src/robotica/install/robmovil_msgs/share/robmovil_msgs/environment/path.dsv
-- Up-to-date: /root/ros2_ws/src/robotica/install/robmovil_msgs/share/robmovil_msgs/local_setup.bash
-- Up-to-date: /root/ros2_ws/src/robotica/install/robmovil_msgs/share/robmovil_msgs/local_setup.sh
-- Up-to-date: /root/ros2_ws/src/robotica/install/robmovil_msgs/share/robmovil_msgs/local_setup.zsh
-- Up-to-date: /root/ros2_ws/src/robotica/install/robmovil_msgs/share/robmovil_msgs/local_setup.dsv
-- Installing: /root/ros2_ws/src/robotica/install/robmovil_msgs/share/robmovil_msgs/package.dsv
-- Up-to-date: /root/ros2_ws/src/robotica/install/robmovil_msgs/share/ament_index/resource_index/packages/robmovil_msgs
-- Up-to-date: /root/ros2_ws/src/robotica/install/robmovil_msgs/share/robmovil_msgs/cmake/export_robmovil_msgs__rosidl_generator_cExport.cmake
-- Up-to-date: /root/ros2_ws/src/robotica/install/robmovil_msgs/share/robmovil_msgs/cmake/export_robmovil_msgs__rosidl_generator_cExport-noconfig.cmake
-- Up-to-date: /root/ros2_ws/src/robotica/install/robmovil_msgs/share/robmovil_msgs/cmake/export_robmovil_msgs__rosidl_typesupport_fastrtps_cExport.cmake
-- Up-to-date: /root/ros2_ws/src/robotica/install/robmovil_msgs/share/robmovil_msgs/cmake/export_robmovil_msgs__rosidl_typesupport_fastrtps_cExport-noconfig.cmake
-- Up-to-date: /root/ros2_ws/src/robotica/install/robmovil_msgs/share/robmovil_msgs/cmake/robmovil_msgs__rosidl_typesupport_introspection_cExport.cmake
-- Up-to-date: /root/ros2_ws/src/robotica/install/robmovil_msgs/share/robmovil_msgs/cmake/robmovil_msgs__rosidl_typesupport_introspection_cExport-noconfig.cmake
-- Up-to-date: /root/ros2_ws/src/robotica/install/robmovil_msgs/share/robmovil_msgs/cmake/robmovil_msgs__rosidl_typesupport_cExport.cmake
-- Up-to-date: /root/ros2_ws/src/robotica/install/robmovil_msgs/share/robmovil_msgs/cmake/robmovil_msgs__rosidl_typesupport_cExport-noconfig.cmake
-- Up-to-date: /root/ros2_ws/src/robotica/install/robmovil_msgs/share/robmovil_msgs/cmake/export_robmovil_msgs__rosidl_generator_cppExport.cmake
-- Up-to-date: /root/ros2_ws/src/robotica/install/robmovil_msgs/share/robmovil_msgs/cmake/export_robmovil_msgs__rosidl_typesupport_fastrtps_cppExport.cmake
-- Up-to-date: /root/ros2_ws/src/robotica/install/robmovil_msgs/share/robmovil_msgs/cmake/export_robmovil_msgs__rosidl_typesupport_fastrtps_cppExport-noconfig.cmake
-- Up-to-date: /root/ros2_ws/src/robotica/install/robmovil_msgs/share/robmovil_msgs/cmake/robmovil_msgs__rosidl_typesupport_introspection_cppExport.cmake
-- Up-to-date: /root/ros2_ws/src/robotica/install/robmovil_msgs/share/robmovil_msgs/cmake/robmovil_msgs__rosidl_typesupport_introspection_cppExport-noconfig.cmake
-- Up-to-date: /root/ros2_ws/src/robotica/install/robmovil_msgs/share/robmovil_msgs/cmake/robmovil_msgs__rosidl_typesupport_cppExport.cmake
-- Up-to-date: /root/ros2_ws/src/robotica/install/robmovil_msgs/share/robmovil_msgs/cmake/robmovil_msgs__rosidl_typesupport_cppExport-noconfig.cmake
-- Up-to-date: /root/ros2_ws/src/robotica/install/robmovil_msgs/share/robmovil_msgs/cmake/export_robmovil_msgs__rosidl_generator_pyExport.cmake
-- Up-to-date: /root/ros2_ws/src/robotica/install/robmovil_msgs/share/robmovil_msgs/cmake/export_robmovil_msgs__rosidl_generator_pyExport-noconfig.cmake
-- Up-to-date: /root/ros2_ws/src/robotica/install/robmovil_msgs/share/robmovil_msgs/cmake/rosidl_cmake-extras.cmake
-- Up-to-date: /root/ros2_ws/src/robotica/install/robmovil_msgs/share/robmovil_msgs/cmake/ament_cmake_export_dependencies-extras.cmake
-- Up-to-date: /root/ros2_ws/src/robotica/install/robmovil_msgs/share/robmovil_msgs/cmake/ament_cmake_export_include_directories-extras.cmake
-- Up-to-date: /root/ros2_ws/src/robotica/install/robmovil_msgs/share/robmovil_msgs/cmake/ament_cmake_export_libraries-extras.cmake
-- Up-to-date: /root/ros2_ws/src/robotica/install/robmovil_msgs/share/robmovil_msgs/cmake/ament_cmake_export_targets-extras.cmake
-- Up-to-date: /root/ros2_ws/src/robotica/install/robmovil_msgs/share/robmovil_msgs/cmake/rosidl_cmake_export_typesupport_targets-extras.cmake
-- Up-to-date: /root/ros2_ws/src/robotica/install/robmovil_msgs/share/robmovil_msgs/cmake/rosidl_cmake_export_typesupport_libraries-extras.cmake
-- Up-to-date: /root/ros2_ws/src/robotica/install/robmovil_msgs/share/robmovil_msgs/cmake/robmovil_msgsConfig.cmake
-- Up-to-date: /root/ros2_ws/src/robotica/install/robmovil_msgs/share/robmovil_msgs/cmake/robmovil_msgsConfig-version.cmake
-- Up-to-date: /root/ros2_ws/src/robotica/install/robmovil_msgs/share/robmovil_msgs/package.xml
