[0.014s] Invoking command in '/root/ros2_ws/src/robotica/build/ej2': AMENT_PREFIX_PATH=/root/ros2_ws/src/robotica/install/robmovil_msgs:${AMENT_PREFIX_PATH} CMAKE_PREFIX_PATH=/root/ros2_ws/src/robotica/install/robmovil_msgs:/root/ros2_ws/install/sim_ros2_interface:/opt/ros/humble LD_LIBRARY_PATH=/root/ros2_ws/src/robotica/install/robmovil_msgs/lib:/usr/lib/x86_64-linux-gnu/gazebo-11/plugins:/opt/ros/humble/opt/rviz_ogre_vendor/lib:/opt/ros/humble/lib/x86_64-linux-gnu:/opt/ros/humble/lib:/usr/lib/x86_64-linux-gnu/gazebo-11/plugins PYTHONPATH=/root/ros2_ws/src/robotica/install/robmovil_msgs/local/lib/python3.10/dist-packages:${PYTHONPATH} /usr/bin/cmake --build /root/ros2_ws/src/robotica/build/ej2 -- -j8 -l8
[0.050s] -- Found ament_cmake: 1.3.14 (/opt/ros/humble/share/ament_cmake/cmake)
[0.198s] -- Found rclcpp: 16.0.19 (/opt/ros/humble/share/rclcpp/cmake)
[0.237s] -- Found rosidl_generator_c: 3.1.8 (/opt/ros/humble/share/rosidl_generator_c/cmake)
[0.239s] -- Found rosidl_adapter: 3.1.8 (/opt/ros/humble/share/rosidl_adapter/cmake)
[0.247s] -- Found rosidl_generator_cpp: 3.1.8 (/opt/ros/humble/share/rosidl_generator_cpp/cmake)
[0.259s] -- Using all available rosidl_typesupport_c: rosidl_typesupport_fastrtps_c;rosidl_typesupport_introspection_c
[0.275s] -- Using all available rosidl_typesupport_cpp: rosidl_typesupport_fastrtps_cpp;rosidl_typesupport_introspection_cpp
[0.314s] -- Found rmw_implementation_cmake: 6.1.2 (/opt/ros/humble/share/rmw_implementation_cmake/cmake)
[0.317s] -- Found rmw_fastrtps_cpp: 6.2.10 (/opt/ros/humble/share/rmw_fastrtps_cpp/cmake)
[0.489s] -- Using RMW implementation 'rmw_fastrtps_cpp' as default
[0.559s] -- Found geometry_msgs: 4.9.1 (/opt/ros/humble/share/geometry_msgs/cmake)
[0.580s] -- Found nav_msgs: 4.9.1 (/opt/ros/humble/share/nav_msgs/cmake)
[0.600s] -- Found robmovil_msgs: 0.0.0 (/root/ros2_ws/src/robotica/install/robmovil_msgs/share/robmovil_msgs/cmake)
[0.618s] -- Found trajectory_msgs: 4.9.1 (/opt/ros/humble/share/trajectory_msgs/cmake)
[0.638s] -- Found tf2: 0.25.20 (/opt/ros/humble/share/tf2/cmake)
[0.643s] -- Found tf2_ros: 0.25.20 (/opt/ros/humble/share/tf2_ros/cmake)
[0.742s] -- Found tf2_geometry_msgs: 0.25.20 (/opt/ros/humble/share/tf2_geometry_msgs/cmake)
[0.746s] -- Found eigen3_cmake_module: 0.1.1 (/opt/ros/humble/share/eigen3_cmake_module/cmake)
[0.747s] -- Ensuring Eigen3 include directory is part of orocos-kdl CMake target
[0.749s] -- Found angles: 1.15.0 (/opt/ros/humble/share/angles/cmake)
[0.828s] -- Configuring done
[0.865s] -- Generating done
[0.879s] -- Build files have been written to: /root/ros2_ws/src/robotica/build/ej2
[0.906s] [35m[1mConsolidate compiler generated dependencies of target trajectory_waypoints[0m
[0.908s] [35m[1mConsolidate compiler generated dependencies of target controllers_lib[0m
[0.909s] [35m[1mConsolidate compiler generated dependencies of target trajectory_generator[0m
[0.911s] [35m[1mConsolidate compiler generated dependencies of target logger[0m
[0.934s] [ 18%] Built target trajectory_waypoints
[0.941s] [ 27%] [32mBuilding CXX object CMakeFiles/controllers_lib.dir/src/KinematicPositionController.cpp.o[0m
[0.944s] [ 45%] Built target trajectory_generator
[0.994s] [ 63%] Built target logger
[3.977s] [01m[K/root/ros2_ws/src/robotica/ej2/src/KinematicPositionController.cpp:[m[K In member function ‘[01m[Kbool KinematicPositionController::getPursuitBasedGoal(const rclcpp::Time&, double&, double&, double&)[m[K’:
[3.977s] [01m[K/root/ros2_ws/src/robotica/ej2/src/KinematicPositionController.cpp:154:10:[m[K [01;35m[Kwarning: [m[Kunused variable ‘[01m[Kcurrent_a[m[K’ [[01;35m[K-Wunused-variable[m[K]
[3.977s]   154 |   double [01;35m[Kcurrent_a[m[K = this->a;
[3.977s]       |          [01;35m[K^~~~~~~~~[m[K
[3.977s] [01m[K/root/ros2_ws/src/robotica/ej2/src/KinematicPositionController.cpp:149:75:[m[K [01;35m[Kwarning: [m[Kunused parameter ‘[01m[Kt[m[K’ [[01;35m[K-Wunused-parameter[m[K]
[3.977s]   149 | bool KinematicPositionController::getPursuitBasedGoal([01;35m[Kconst rclcpp::Time& t[m[K, double& x, double& y, double& a)
[3.977s]       |                                                       [01;35m[K~~~~~~~~~~~~~~~~~~~~^[m[K
[6.089s] [ 72%] [32m[1mLinking CXX shared library libcontrollers_lib.so[0m
[6.759s] [ 81%] Built target controllers_lib
[6.774s] [35m[1mConsolidate compiler generated dependencies of target trajectory_follower_cl[0m
[6.797s] [ 90%] [32m[1mLinking CXX executable trajectory_follower_cl[0m
[7.054s] [100%] Built target trajectory_follower_cl
[7.066s] Invoked command in '/root/ros2_ws/src/robotica/build/ej2' returned '0': AMENT_PREFIX_PATH=/root/ros2_ws/src/robotica/install/robmovil_msgs:${AMENT_PREFIX_PATH} CMAKE_PREFIX_PATH=/root/ros2_ws/src/robotica/install/robmovil_msgs:/root/ros2_ws/install/sim_ros2_interface:/opt/ros/humble LD_LIBRARY_PATH=/root/ros2_ws/src/robotica/install/robmovil_msgs/lib:/usr/lib/x86_64-linux-gnu/gazebo-11/plugins:/opt/ros/humble/opt/rviz_ogre_vendor/lib:/opt/ros/humble/lib/x86_64-linux-gnu:/opt/ros/humble/lib:/usr/lib/x86_64-linux-gnu/gazebo-11/plugins PYTHONPATH=/root/ros2_ws/src/robotica/install/robmovil_msgs/local/lib/python3.10/dist-packages:${PYTHONPATH} /usr/bin/cmake --build /root/ros2_ws/src/robotica/build/ej2 -- -j8 -l8
[7.067s] Invoking command in '/root/ros2_ws/src/robotica/build/ej2': AMENT_PREFIX_PATH=/root/ros2_ws/src/robotica/install/robmovil_msgs:${AMENT_PREFIX_PATH} CMAKE_PREFIX_PATH=/root/ros2_ws/src/robotica/install/robmovil_msgs:/root/ros2_ws/install/sim_ros2_interface:/opt/ros/humble LD_LIBRARY_PATH=/root/ros2_ws/src/robotica/install/robmovil_msgs/lib:/usr/lib/x86_64-linux-gnu/gazebo-11/plugins:/opt/ros/humble/opt/rviz_ogre_vendor/lib:/opt/ros/humble/lib/x86_64-linux-gnu:/opt/ros/humble/lib:/usr/lib/x86_64-linux-gnu/gazebo-11/plugins PYTHONPATH=/root/ros2_ws/src/robotica/install/robmovil_msgs/local/lib/python3.10/dist-packages:${PYTHONPATH} /usr/bin/cmake --install /root/ros2_ws/src/robotica/build/ej2
[7.075s] -- Install configuration: ""
[7.075s] -- Installing: /root/ros2_ws/src/robotica/install/ej2/lib/libcontrollers_lib.so
[7.081s] -- Set runtime path of "/root/ros2_ws/src/robotica/install/ej2/lib/libcontrollers_lib.so" to ""
[7.082s] -- Installing: /root/ros2_ws/src/robotica/install/ej2/lib/ej2/trajectory_follower_cl
[7.083s] -- Set runtime path of "/root/ros2_ws/src/robotica/install/ej2/lib/ej2/trajectory_follower_cl" to ""
[7.084s] -- Up-to-date: /root/ros2_ws/src/robotica/install/ej2/lib/ej2/trajectory_generator
[7.086s] -- Up-to-date: /root/ros2_ws/src/robotica/install/ej2/lib/ej2/trajectory_waypoints
[7.087s] -- Up-to-date: /root/ros2_ws/src/robotica/install/ej2/lib/ej2/logger
[7.088s] -- Up-to-date: /root/ros2_ws/src/robotica/install/ej2/include
[7.088s] -- Up-to-date: /root/ros2_ws/src/robotica/install/ej2/include/ej2
[7.088s] -- Up-to-date: /root/ros2_ws/src/robotica/install/ej2/include/ej2/TrajectoryFollower.h
[7.088s] -- Up-to-date: /root/ros2_ws/src/robotica/install/ej2/include/ej2/KinematicPositionController.h
[7.089s] -- Up-to-date: /root/ros2_ws/src/robotica/install/ej2/share/ej2/launch
[7.089s] -- Up-to-date: /root/ros2_ws/src/robotica/install/ej2/share/ej2/launch/lazo_abierto.launch.py
[7.089s] -- Up-to-date: /root/ros2_ws/src/robotica/install/ej2/share/ament_index/resource_index/package_run_dependencies/ej2
[7.089s] -- Installing: /root/ros2_ws/src/robotica/install/ej2/share/ament_index/resource_index/parent_prefix_path/ej2
[7.089s] -- Up-to-date: /root/ros2_ws/src/robotica/install/ej2/share/ej2/environment/ament_prefix_path.sh
[7.089s] -- Installing: /root/ros2_ws/src/robotica/install/ej2/share/ej2/environment/ament_prefix_path.dsv
[7.090s] -- Up-to-date: /root/ros2_ws/src/robotica/install/ej2/share/ej2/environment/path.sh
[7.090s] -- Installing: /root/ros2_ws/src/robotica/install/ej2/share/ej2/environment/path.dsv
[7.090s] -- Up-to-date: /root/ros2_ws/src/robotica/install/ej2/share/ej2/local_setup.bash
[7.090s] -- Up-to-date: /root/ros2_ws/src/robotica/install/ej2/share/ej2/local_setup.sh
[7.090s] -- Up-to-date: /root/ros2_ws/src/robotica/install/ej2/share/ej2/local_setup.zsh
[7.090s] -- Installing: /root/ros2_ws/src/robotica/install/ej2/share/ej2/local_setup.dsv
[7.090s] -- Installing: /root/ros2_ws/src/robotica/install/ej2/share/ej2/package.dsv
[7.091s] -- Up-to-date: /root/ros2_ws/src/robotica/install/ej2/share/ament_index/resource_index/packages/ej2
[7.091s] -- Up-to-date: /root/ros2_ws/src/robotica/install/ej2/share/ej2/cmake/ej2Config.cmake
[7.091s] -- Up-to-date: /root/ros2_ws/src/robotica/install/ej2/share/ej2/cmake/ej2Config-version.cmake
[7.092s] -- Up-to-date: /root/ros2_ws/src/robotica/install/ej2/share/ej2/package.xml
[7.092s] Invoked command in '/root/ros2_ws/src/robotica/build/ej2' returned '0': AMENT_PREFIX_PATH=/root/ros2_ws/src/robotica/install/robmovil_msgs:${AMENT_PREFIX_PATH} CMAKE_PREFIX_PATH=/root/ros2_ws/src/robotica/install/robmovil_msgs:/root/ros2_ws/install/sim_ros2_interface:/opt/ros/humble LD_LIBRARY_PATH=/root/ros2_ws/src/robotica/install/robmovil_msgs/lib:/usr/lib/x86_64-linux-gnu/gazebo-11/plugins:/opt/ros/humble/opt/rviz_ogre_vendor/lib:/opt/ros/humble/lib/x86_64-linux-gnu:/opt/ros/humble/lib:/usr/lib/x86_64-linux-gnu/gazebo-11/plugins PYTHONPATH=/root/ros2_ws/src/robotica/install/robmovil_msgs/local/lib/python3.10/dist-packages:${PYTHONPATH} /usr/bin/cmake --install /root/ros2_ws/src/robotica/build/ej2
