-- The C compiler identification is GNU 11.4.0
-- The CXX compiler identification is GNU 11.4.0
-- Detecting C compiler ABI info
-- Detecting C compiler ABI info - done
-- Check for working C compiler: /usr/bin/cc - skipped
-- Detecting C compile features
-- Detecting C compile features - done
-- Detecting CXX compiler ABI info
-- Detecting CXX compiler ABI info - done
-- Check for working CXX compiler: /usr/bin/c++ - skipped
-- Detecting CXX compile features
-- Detecting CXX compile features - done
-- Found ament_cmake: 1.3.14 (/opt/ros/humble/share/ament_cmake/cmake)
-- Found Python3: /usr/bin/python3 (found version "3.10.12") found components: Interpreter 
-- Found rclcpp: 16.0.19 (/opt/ros/humble/share/rclcpp/cmake)
-- Found rosidl_generator_c: 3.1.8 (/opt/ros/humble/share/rosidl_generator_c/cmake)
-- Found rosidl_adapter: 3.1.8 (/opt/ros/humble/share/rosidl_adapter/cmake)
-- Found rosidl_generator_cpp: 3.1.8 (/opt/ros/humble/share/rosidl_generator_cpp/cmake)
-- Using all available rosidl_typesupport_c: rosidl_typesupport_fastrtps_c;rosidl_typesupport_introspection_c
-- Using all available rosidl_typesupport_cpp: rosidl_typesupport_fastrtps_cpp;rosidl_typesupport_introspection_cpp
-- Found rmw_implementation_cmake: 6.1.2 (/opt/ros/humble/share/rmw_implementation_cmake/cmake)
-- Found rmw_fastrtps_cpp: 6.2.10 (/opt/ros/humble/share/rmw_fastrtps_cpp/cmake)
-- Found OpenSSL: /usr/lib/x86_64-linux-gnu/libcrypto.so (found version "3.0.2")  
-- Found FastRTPS: /opt/ros/humble/include  
-- Using RMW implementation 'rmw_fastrtps_cpp' as default
-- Looking for pthread.h
-- Looking for pthread.h - found
-- Performing Test CMAKE_HAVE_LIBC_PTHREAD
-- Performing Test CMAKE_HAVE_LIBC_PTHREAD - Success
-- Found Threads: TRUE  
-- Found geometry_msgs: 4.9.1 (/opt/ros/humble/share/geometry_msgs/cmake)
-- Found nav_msgs: 4.9.1 (/opt/ros/humble/share/nav_msgs/cmake)
-- Found robmovil_msgs: 0.0.0 (/root/ros2_ws/src/robotica/install/robmovil_msgs/share/robmovil_msgs/cmake)
-- Found trajectory_msgs: 4.9.1 (/opt/ros/humble/share/trajectory_msgs/cmake)
-- Found tf2: 0.25.20 (/opt/ros/humble/share/tf2/cmake)
-- Found tf2_ros: 0.25.20 (/opt/ros/humble/share/tf2_ros/cmake)
-- Found tf2_geometry_msgs: 0.25.20 (/opt/ros/humble/share/tf2_geometry_msgs/cmake)
-- Found eigen3_cmake_module: 0.1.1 (/opt/ros/humble/share/eigen3_cmake_module/cmake)
-- Found Eigen3: TRUE (found version "3.4.0") 
-- Ensuring Eigen3 include directory is part of orocos-kdl CMake target
-- Found angles: 1.15.0 (/opt/ros/humble/share/angles/cmake)
-- Configuring done
-- Generating done
-- Build files have been written to: /root/ros2_ws/src/robotica/build/ej2
[  9%] [32mBuilding CXX object CMakeFiles/trajectory_generator.dir/src/trajectory_generator_node.cpp.o[0m
[ 18%] [32mBuilding CXX object CMakeFiles/logger.dir/src/logger_node.cpp.o[0m
[ 27%] [32mBuilding CXX object CMakeFiles/controllers_lib.dir/src/KinematicPositionController.cpp.o[0m
[ 36%] [32mBuilding CXX object CMakeFiles/controllers_lib.dir/src/TrajectoryFollower.cpp.o[0m
[ 45%] [32mBuilding CXX object CMakeFiles/trajectory_waypoints.dir/src/trajectory_waypoints_node.cpp.o[0m
[01m[K/root/ros2_ws/src/robotica/ej2/src/trajectory_waypoints_node.cpp:[m[K In function ‘[01m[Kint main(int, char**)[m[K’:
[01m[K/root/ros2_ws/src/robotica/ej2/src/trajectory_waypoints_node.cpp:37:3:[m[K [01;31m[Kerror: [m[K‘[01m[Ktrajectory_publisher[m[K’ was not declared in this scope; did you mean ‘[01m[Krmw_destroy_publisher[m[K’?
   37 |   [01;31m[Ktrajectory_publisher[m[K = this->create_publisher<trajectory_msgs::msg::JointTrajectory>("/robot/trajectory", qos_profile);
      |   [01;31m[K^~~~~~~~~~~~~~~~~~~~[m[K
      |   [32m[Krmw_destroy_publisher[m[K
[01m[K/root/ros2_ws/src/robotica/ej2/src/trajectory_waypoints_node.cpp:37:26:[m[K [01;31m[Kerror: [m[Kinvalid use of ‘[01m[Kthis[m[K’ in non-member function
   37 |   trajectory_publisher = [01;31m[Kthis[m[K->create_publisher<trajectory_msgs::msg::JointTrajectory>("/robot/trajectory", qos_profile);
      |                          [01;31m[K^~~~[m[K
[01m[K/root/ros2_ws/src/robotica/ej2/src/trajectory_waypoints_node.cpp:37:86:[m[K [01;31m[Kerror: [m[Kexpected primary-expression before ‘[01m[K>[m[K’ token
   37 |   trajectory_publisher = this->create_publisher<trajectory_msgs::msg::JointTrajectory[01;31m[K>[m[K("/robot/trajectory", qos_profile);
      |                                                                                      [01;31m[K^[m[K
[01m[K/root/ros2_ws/src/robotica/ej2/src/trajectory_waypoints_node.cpp:37:88:[m[K [01;35m[Kwarning: [m[Kleft operand of comma operator has no effect [[01;35m[K-Wunused-value[m[K]
   37 |   trajectory_publisher = this->create_publisher<trajectory_msgs::msg::JointTrajectory>([01;35m[K"/robot/trajectory"[m[K, qos_profile);
      |                                                                                        [01;35m[K^~~~~~~~~~~~~~~~~~~[m[K
[01m[K/root/ros2_ws/src/robotica/ej2/src/trajectory_generator_node.cpp:[m[K In function ‘[01m[Kint main(int, char**)[m[K’:
[01m[K/root/ros2_ws/src/robotica/ej2/src/trajectory_generator_node.cpp:65:22:[m[K [01;35m[Kwarning: [m[Kcomparison of integer expressions of different signedness: ‘[01m[Kint[m[K’ and ‘[01m[Kstd::vector<double, std::allocator<double> >::size_type[m[K’ {aka ‘[01m[Klong unsigned int[m[K’} [[01;35m[K-Wsign-compare[m[K]
   65 |     for(int i = 0; [01;35m[Ki < spline_waypoints_data.size()[m[K; i+=4)
      |                    [01;35m[K~~^~~~~~~~~~~~~~~~~~~~~~~~~~~~~~[m[K
[01m[K/root/ros2_ws/src/robotica/ej2/src/KinematicPositionController.cpp:[m[K In member function ‘[01m[Kbool KinematicPositionController::getPursuitBasedGoal(const rclcpp::Time&, double&, double&, double&)[m[K’:
[01m[K/root/ros2_ws/src/robotica/ej2/src/KinematicPositionController.cpp:154:10:[m[K [01;35m[Kwarning: [m[Kunused variable ‘[01m[Kcurrent_a[m[K’ [[01;35m[K-Wunused-variable[m[K]
  154 |   double [01;35m[Kcurrent_a[m[K = this->a;
      |          [01;35m[K^~~~~~~~~[m[K
[01m[K/root/ros2_ws/src/robotica/ej2/src/KinematicPositionController.cpp:149:75:[m[K [01;35m[Kwarning: [m[Kunused parameter ‘[01m[Kt[m[K’ [[01;35m[K-Wunused-parameter[m[K]
  149 | bool KinematicPositionController::getPursuitBasedGoal([01;35m[Kconst rclcpp::Time& t[m[K, double& x, double& y, double& a)
      |                                                       [01;35m[K~~~~~~~~~~~~~~~~~~~~^[m[K
gmake[2]: *** [CMakeFiles/trajectory_waypoints.dir/build.make:76: CMakeFiles/trajectory_waypoints.dir/src/trajectory_waypoints_node.cpp.o] Error 1
gmake[1]: *** [CMakeFiles/Makefile2:223: CMakeFiles/trajectory_waypoints.dir/all] Error 2
gmake[1]: *** Waiting for unfinished jobs....
[ 54%] [32m[1mLinking CXX executable trajectory_generator[0m
[ 54%] Built target trajectory_generator
[ 63%] [32m[1mLinking CXX shared library libcontrollers_lib.so[0m
[ 63%] Built target controllers_lib
[ 72%] [32m[1mLinking CXX executable logger[0m
[ 72%] Built target logger
gmake: *** [Makefile:146: all] Error 2
