[0.016s] Invoking command in '/root/ros2_ws/src/robotica/build/robmovil_msgs': CMAKE_PREFIX_PATH=${CMAKE_PREFIX_PATH}:/opt/ros/humble /usr/bin/cmake --build /root/ros2_ws/src/robotica/build/robmovil_msgs -- -j8 -l8
[0.075s] [35m[1mConsolidate compiler generated dependencies of target robmovil_msgs__rosidl_generator_c[0m
[0.088s] [  1%] Built target robmovil_msgs__cpp
[0.089s] [  2%] Built target robmovil_msgs__rs
[0.098s] [ 13%] Built target robmovil_msgs__rosidl_generator_c
[0.104s] [ 13%] Built target ament_cmake_python_copy_robmovil_msgs
[0.107s] [35m[1mConsolidate compiler generated dependencies of target robmovil_msgs__rosidl_typesupport_introspection_cpp[0m
[0.111s] [35m[1mConsolidate compiler generated dependencies of target robmovil_msgs__rosidl_typesupport_cpp[0m
[0.116s] [35m[1mConsolidate compiler generated dependencies of target robmovil_msgs__rosidl_typesupport_fastrtps_cpp[0m
[0.118s] [35m[1mConsolidate compiler generated dependencies of target robmovil_msgs__rosidl_typesupport_c[0m
[0.119s] [35m[1mConsolidate compiler generated dependencies of target robmovil_msgs__rosidl_typesupport_introspection_c[0m
[0.120s] [35m[1mConsolidate compiler generated dependencies of target robmovil_msgs__rosidl_typesupport_fastrtps_c[0m
[0.144s] [ 25%] Built target robmovil_msgs__rosidl_typesupport_c
[0.150s] [ 36%] Built target robmovil_msgs__rosidl_typesupport_introspection_cpp
[0.150s] [ 47%] Built target robmovil_msgs__rosidl_typesupport_fastrtps_cpp
[0.152s] [ 58%] Built target robmovil_msgs__rosidl_typesupport_introspection_c
[0.155s] [ 77%] Built target robmovil_msgs__rosidl_typesupport_cpp
[0.155s] [ 80%] Built target robmovil_msgs__rosidl_typesupport_fastrtps_c
[0.184s] [ 80%] Built target robmovil_msgs
[0.212s] [ 81%] Built target robmovil_msgs__py
[0.227s] [35m[1mConsolidate compiler generated dependencies of target robmovil_msgs__rosidl_generator_py[0m
[0.252s] [ 91%] Built target robmovil_msgs__rosidl_generator_py
[0.267s] [35m[1mConsolidate compiler generated dependencies of target robmovil_msgs__rosidl_typesupport_c__pyext[0m
[0.267s] [35m[1mConsolidate compiler generated dependencies of target robmovil_msgs__rosidl_typesupport_introspection_c__pyext[0m
[0.268s] [35m[1mConsolidate compiler generated dependencies of target robmovil_msgs__rosidl_typesupport_fastrtps_c__pyext[0m
[0.288s] [ 94%] Built target robmovil_msgs__rosidl_typesupport_introspection_c__pyext
[0.289s] [100%] Built target robmovil_msgs__rosidl_typesupport_c__pyext
[0.290s] [100%] Built target robmovil_msgs__rosidl_typesupport_fastrtps_c__pyext
[0.485s] running egg_info
[0.486s] writing robmovil_msgs.egg-info/PKG-INFO
[0.487s] writing dependency_links to robmovil_msgs.egg-info/dependency_links.txt
[0.487s] writing top-level names to robmovil_msgs.egg-info/top_level.txt
[0.491s] reading manifest file 'robmovil_msgs.egg-info/SOURCES.txt'
[0.491s] writing manifest file 'robmovil_msgs.egg-info/SOURCES.txt'
[0.538s] [100%] Built target ament_cmake_python_build_robmovil_msgs_egg
[0.553s] Invoked command in '/root/ros2_ws/src/robotica/build/robmovil_msgs' returned '0': CMAKE_PREFIX_PATH=${CMAKE_PREFIX_PATH}:/opt/ros/humble /usr/bin/cmake --build /root/ros2_ws/src/robotica/build/robmovil_msgs -- -j8 -l8
[0.566s] Invoking command in '/root/ros2_ws/src/robotica/build/robmovil_msgs': CMAKE_PREFIX_PATH=${CMAKE_PREFIX_PATH}:/opt/ros/humble /usr/bin/cmake --install /root/ros2_ws/src/robotica/build/robmovil_msgs
[0.575s] -- Install configuration: ""
[0.576s] -- Up-to-date: /root/ros2_ws/src/robotica/install/robmovil_msgs/share/ament_index/resource_index/rosidl_interfaces/robmovil_msgs
[0.576s] -- Up-to-date: /root/ros2_ws/src/robotica/install/robmovil_msgs/include/robmovil_msgs/robmovil_msgs
[0.576s] -- Up-to-date: /root/ros2_ws/src/robotica/install/robmovil_msgs/include/robmovil_msgs/robmovil_msgs/msg
[0.576s] -- Up-to-date: /root/ros2_ws/src/robotica/install/robmovil_msgs/include/robmovil_msgs/robmovil_msgs/msg/rosidl_generator_c__visibility_control.h
[0.576s] -- Up-to-date: /root/ros2_ws/src/robotica/install/robmovil_msgs/include/robmovil_msgs/robmovil_msgs/msg/encoder_ticks.h
[0.576s] -- Up-to-date: /root/ros2_ws/src/robotica/install/robmovil_msgs/include/robmovil_msgs/robmovil_msgs/msg/detail
[0.577s] -- Up-to-date: /root/ros2_ws/src/robotica/install/robmovil_msgs/include/robmovil_msgs/robmovil_msgs/msg/detail/encoder_ticks__functions.c
[0.577s] -- Up-to-date: /root/ros2_ws/src/robotica/install/robmovil_msgs/include/robmovil_msgs/robmovil_msgs/msg/detail/encoder_ticks__functions.h
[0.577s] -- Up-to-date: /root/ros2_ws/src/robotica/install/robmovil_msgs/include/robmovil_msgs/robmovil_msgs/msg/detail/encoder_ticks__struct.h
[0.577s] -- Up-to-date: /root/ros2_ws/src/robotica/install/robmovil_msgs/include/robmovil_msgs/robmovil_msgs/msg/detail/encoder_ticks__type_support.h
[0.577s] -- Up-to-date: /root/ros2_ws/src/robotica/install/robmovil_msgs/include/robmovil_msgs/robmovil_msgs/msg/detail/multi_encoder_ticks__functions.c
[0.577s] -- Up-to-date: /root/ros2_ws/src/robotica/install/robmovil_msgs/include/robmovil_msgs/robmovil_msgs/msg/detail/multi_encoder_ticks__functions.h
[0.577s] -- Up-to-date: /root/ros2_ws/src/robotica/install/robmovil_msgs/include/robmovil_msgs/robmovil_msgs/msg/detail/multi_encoder_ticks__struct.h
[0.578s] -- Up-to-date: /root/ros2_ws/src/robotica/install/robmovil_msgs/include/robmovil_msgs/robmovil_msgs/msg/detail/multi_encoder_ticks__type_support.h
[0.578s] -- Up-to-date: /root/ros2_ws/src/robotica/install/robmovil_msgs/include/robmovil_msgs/robmovil_msgs/msg/detail/trajectory__functions.c
[0.578s] -- Up-to-date: /root/ros2_ws/src/robotica/install/robmovil_msgs/include/robmovil_msgs/robmovil_msgs/msg/detail/trajectory__functions.h
[0.578s] -- Up-to-date: /root/ros2_ws/src/robotica/install/robmovil_msgs/include/robmovil_msgs/robmovil_msgs/msg/detail/trajectory__struct.h
[0.578s] -- Up-to-date: /root/ros2_ws/src/robotica/install/robmovil_msgs/include/robmovil_msgs/robmovil_msgs/msg/detail/trajectory__type_support.h
[0.578s] -- Up-to-date: /root/ros2_ws/src/robotica/install/robmovil_msgs/include/robmovil_msgs/robmovil_msgs/msg/detail/trajectory_point__functions.c
[0.578s] -- Up-to-date: /root/ros2_ws/src/robotica/install/robmovil_msgs/include/robmovil_msgs/robmovil_msgs/msg/detail/trajectory_point__functions.h
[0.578s] -- Up-to-date: /root/ros2_ws/src/robotica/install/robmovil_msgs/include/robmovil_msgs/robmovil_msgs/msg/detail/trajectory_point__struct.h
[0.578s] -- Up-to-date: /root/ros2_ws/src/robotica/install/robmovil_msgs/include/robmovil_msgs/robmovil_msgs/msg/detail/trajectory_point__type_support.h
[0.579s] -- Up-to-date: /root/ros2_ws/src/robotica/install/robmovil_msgs/include/robmovil_msgs/robmovil_msgs/msg/detail/landmark__functions.c
[0.579s] -- Up-to-date: /root/ros2_ws/src/robotica/install/robmovil_msgs/include/robmovil_msgs/robmovil_msgs/msg/detail/landmark__functions.h
[0.579s] -- Up-to-date: /root/ros2_ws/src/robotica/install/robmovil_msgs/include/robmovil_msgs/robmovil_msgs/msg/detail/landmark__struct.h
[0.579s] -- Up-to-date: /root/ros2_ws/src/robotica/install/robmovil_msgs/include/robmovil_msgs/robmovil_msgs/msg/detail/landmark__type_support.h
[0.580s] -- Up-to-date: /root/ros2_ws/src/robotica/install/robmovil_msgs/include/robmovil_msgs/robmovil_msgs/msg/detail/landmark_array__functions.c
[0.580s] -- Up-to-date: /root/ros2_ws/src/robotica/install/robmovil_msgs/include/robmovil_msgs/robmovil_msgs/msg/detail/landmark_array__functions.h
[0.580s] -- Up-to-date: /root/ros2_ws/src/robotica/install/robmovil_msgs/include/robmovil_msgs/robmovil_msgs/msg/detail/landmark_array__struct.h
[0.580s] -- Up-to-date: /root/ros2_ws/src/robotica/install/robmovil_msgs/include/robmovil_msgs/robmovil_msgs/msg/detail/landmark_array__type_support.h
[0.580s] -- Up-to-date: /root/ros2_ws/src/robotica/install/robmovil_msgs/include/robmovil_msgs/robmovil_msgs/msg/multi_encoder_ticks.h
[0.580s] -- Up-to-date: /root/ros2_ws/src/robotica/install/robmovil_msgs/include/robmovil_msgs/robmovil_msgs/msg/trajectory.h
[0.580s] -- Up-to-date: /root/ros2_ws/src/robotica/install/robmovil_msgs/include/robmovil_msgs/robmovil_msgs/msg/trajectory_point.h
[0.581s] -- Up-to-date: /root/ros2_ws/src/robotica/install/robmovil_msgs/include/robmovil_msgs/robmovil_msgs/msg/landmark.h
[0.581s] -- Up-to-date: /root/ros2_ws/src/robotica/install/robmovil_msgs/include/robmovil_msgs/robmovil_msgs/msg/landmark_array.h
[0.581s] -- Up-to-date: /root/ros2_ws/src/robotica/install/robmovil_msgs/share/robmovil_msgs/environment/library_path.sh
[0.581s] -- Up-to-date: /root/ros2_ws/src/robotica/install/robmovil_msgs/share/robmovil_msgs/environment/library_path.dsv
[0.581s] -- Up-to-date: /root/ros2_ws/src/robotica/install/robmovil_msgs/lib/librobmovil_msgs__rosidl_generator_c.so
[0.581s] -- Up-to-date: /root/ros2_ws/src/robotica/install/robmovil_msgs/include/robmovil_msgs/robmovil_msgs
[0.581s] -- Up-to-date: /root/ros2_ws/src/robotica/install/robmovil_msgs/include/robmovil_msgs/robmovil_msgs/msg
[0.582s] -- Up-to-date: /root/ros2_ws/src/robotica/install/robmovil_msgs/include/robmovil_msgs/robmovil_msgs/msg/rosidl_typesupport_fastrtps_c__visibility_control.h
[0.582s] -- Up-to-date: /root/ros2_ws/src/robotica/install/robmovil_msgs/include/robmovil_msgs/robmovil_msgs/msg/detail
[0.582s] -- Up-to-date: /root/ros2_ws/src/robotica/install/robmovil_msgs/include/robmovil_msgs/robmovil_msgs/msg/detail/encoder_ticks__rosidl_typesupport_fastrtps_c.h
[0.582s] -- Up-to-date: /root/ros2_ws/src/robotica/install/robmovil_msgs/include/robmovil_msgs/robmovil_msgs/msg/detail/multi_encoder_ticks__rosidl_typesupport_fastrtps_c.h
[0.582s] -- Up-to-date: /root/ros2_ws/src/robotica/install/robmovil_msgs/include/robmovil_msgs/robmovil_msgs/msg/detail/trajectory__rosidl_typesupport_fastrtps_c.h
[0.582s] -- Up-to-date: /root/ros2_ws/src/robotica/install/robmovil_msgs/include/robmovil_msgs/robmovil_msgs/msg/detail/trajectory_point__rosidl_typesupport_fastrtps_c.h
[0.582s] -- Up-to-date: /root/ros2_ws/src/robotica/install/robmovil_msgs/include/robmovil_msgs/robmovil_msgs/msg/detail/landmark__rosidl_typesupport_fastrtps_c.h
[0.582s] -- Up-to-date: /root/ros2_ws/src/robotica/install/robmovil_msgs/include/robmovil_msgs/robmovil_msgs/msg/detail/landmark_array__rosidl_typesupport_fastrtps_c.h
[0.583s] -- Up-to-date: /root/ros2_ws/src/robotica/install/robmovil_msgs/lib/librobmovil_msgs__rosidl_typesupport_fastrtps_c.so
[0.583s] -- Up-to-date: /root/ros2_ws/src/robotica/install/robmovil_msgs/include/robmovil_msgs/robmovil_msgs
[0.583s] -- Up-to-date: /root/ros2_ws/src/robotica/install/robmovil_msgs/include/robmovil_msgs/robmovil_msgs/msg
[0.583s] -- Up-to-date: /root/ros2_ws/src/robotica/install/robmovil_msgs/include/robmovil_msgs/robmovil_msgs/msg/rosidl_typesupport_introspection_c__visibility_control.h
[0.583s] -- Up-to-date: /root/ros2_ws/src/robotica/install/robmovil_msgs/include/robmovil_msgs/robmovil_msgs/msg/detail
[0.583s] -- Up-to-date: /root/ros2_ws/src/robotica/install/robmovil_msgs/include/robmovil_msgs/robmovil_msgs/msg/detail/encoder_ticks__rosidl_typesupport_introspection_c.h
[0.584s] -- Up-to-date: /root/ros2_ws/src/robotica/install/robmovil_msgs/include/robmovil_msgs/robmovil_msgs/msg/detail/encoder_ticks__type_support.c
[0.584s] -- Up-to-date: /root/ros2_ws/src/robotica/install/robmovil_msgs/include/robmovil_msgs/robmovil_msgs/msg/detail/multi_encoder_ticks__rosidl_typesupport_introspection_c.h
[0.584s] -- Up-to-date: /root/ros2_ws/src/robotica/install/robmovil_msgs/include/robmovil_msgs/robmovil_msgs/msg/detail/multi_encoder_ticks__type_support.c
[0.584s] -- Up-to-date: /root/ros2_ws/src/robotica/install/robmovil_msgs/include/robmovil_msgs/robmovil_msgs/msg/detail/trajectory__rosidl_typesupport_introspection_c.h
[0.584s] -- Up-to-date: /root/ros2_ws/src/robotica/install/robmovil_msgs/include/robmovil_msgs/robmovil_msgs/msg/detail/trajectory__type_support.c
[0.584s] -- Up-to-date: /root/ros2_ws/src/robotica/install/robmovil_msgs/include/robmovil_msgs/robmovil_msgs/msg/detail/trajectory_point__rosidl_typesupport_introspection_c.h
[0.584s] -- Up-to-date: /root/ros2_ws/src/robotica/install/robmovil_msgs/include/robmovil_msgs/robmovil_msgs/msg/detail/trajectory_point__type_support.c
[0.584s] -- Up-to-date: /root/ros2_ws/src/robotica/install/robmovil_msgs/include/robmovil_msgs/robmovil_msgs/msg/detail/landmark__rosidl_typesupport_introspection_c.h
[0.584s] -- Up-to-date: /root/ros2_ws/src/robotica/install/robmovil_msgs/include/robmovil_msgs/robmovil_msgs/msg/detail/landmark__type_support.c
[0.585s] -- Up-to-date: /root/ros2_ws/src/robotica/install/robmovil_msgs/include/robmovil_msgs/robmovil_msgs/msg/detail/landmark_array__rosidl_typesupport_introspection_c.h
[0.585s] -- Up-to-date: /root/ros2_ws/src/robotica/install/robmovil_msgs/include/robmovil_msgs/robmovil_msgs/msg/detail/landmark_array__type_support.c
[0.585s] -- Up-to-date: /root/ros2_ws/src/robotica/install/robmovil_msgs/lib/librobmovil_msgs__rosidl_typesupport_introspection_c.so
[0.585s] -- Up-to-date: /root/ros2_ws/src/robotica/install/robmovil_msgs/lib/librobmovil_msgs__rosidl_typesupport_c.so
[0.585s] -- Up-to-date: /root/ros2_ws/src/robotica/install/robmovil_msgs/include/robmovil_msgs/robmovil_msgs
[0.585s] -- Up-to-date: /root/ros2_ws/src/robotica/install/robmovil_msgs/include/robmovil_msgs/robmovil_msgs/msg
[0.585s] -- Up-to-date: /root/ros2_ws/src/robotica/install/robmovil_msgs/include/robmovil_msgs/robmovil_msgs/msg/rosidl_generator_cpp__visibility_control.hpp
[0.585s] -- Up-to-date: /root/ros2_ws/src/robotica/install/robmovil_msgs/include/robmovil_msgs/robmovil_msgs/msg/encoder_ticks.hpp
[0.585s] -- Up-to-date: /root/ros2_ws/src/robotica/install/robmovil_msgs/include/robmovil_msgs/robmovil_msgs/msg/detail
[0.585s] -- Up-to-date: /root/ros2_ws/src/robotica/install/robmovil_msgs/include/robmovil_msgs/robmovil_msgs/msg/detail/encoder_ticks__builder.hpp
[0.586s] -- Up-to-date: /root/ros2_ws/src/robotica/install/robmovil_msgs/include/robmovil_msgs/robmovil_msgs/msg/detail/encoder_ticks__struct.hpp
[0.586s] -- Up-to-date: /root/ros2_ws/src/robotica/install/robmovil_msgs/include/robmovil_msgs/robmovil_msgs/msg/detail/encoder_ticks__traits.hpp
[0.586s] -- Up-to-date: /root/ros2_ws/src/robotica/install/robmovil_msgs/include/robmovil_msgs/robmovil_msgs/msg/detail/encoder_ticks__type_support.hpp
[0.586s] -- Up-to-date: /root/ros2_ws/src/robotica/install/robmovil_msgs/include/robmovil_msgs/robmovil_msgs/msg/detail/multi_encoder_ticks__builder.hpp
[0.586s] -- Up-to-date: /root/ros2_ws/src/robotica/install/robmovil_msgs/include/robmovil_msgs/robmovil_msgs/msg/detail/multi_encoder_ticks__struct.hpp
[0.586s] -- Up-to-date: /root/ros2_ws/src/robotica/install/robmovil_msgs/include/robmovil_msgs/robmovil_msgs/msg/detail/multi_encoder_ticks__traits.hpp
[0.586s] -- Up-to-date: /root/ros2_ws/src/robotica/install/robmovil_msgs/include/robmovil_msgs/robmovil_msgs/msg/detail/multi_encoder_ticks__type_support.hpp
[0.586s] -- Up-to-date: /root/ros2_ws/src/robotica/install/robmovil_msgs/include/robmovil_msgs/robmovil_msgs/msg/detail/trajectory__builder.hpp
[0.586s] -- Up-to-date: /root/ros2_ws/src/robotica/install/robmovil_msgs/include/robmovil_msgs/robmovil_msgs/msg/detail/trajectory__struct.hpp
[0.587s] -- Up-to-date: /root/ros2_ws/src/robotica/install/robmovil_msgs/include/robmovil_msgs/robmovil_msgs/msg/detail/trajectory__traits.hpp
[0.587s] -- Up-to-date: /root/ros2_ws/src/robotica/install/robmovil_msgs/include/robmovil_msgs/robmovil_msgs/msg/detail/trajectory__type_support.hpp
[0.587s] -- Up-to-date: /root/ros2_ws/src/robotica/install/robmovil_msgs/include/robmovil_msgs/robmovil_msgs/msg/detail/trajectory_point__builder.hpp
[0.587s] -- Up-to-date: /root/ros2_ws/src/robotica/install/robmovil_msgs/include/robmovil_msgs/robmovil_msgs/msg/detail/trajectory_point__struct.hpp
[0.587s] -- Up-to-date: /root/ros2_ws/src/robotica/install/robmovil_msgs/include/robmovil_msgs/robmovil_msgs/msg/detail/trajectory_point__traits.hpp
[0.587s] -- Up-to-date: /root/ros2_ws/src/robotica/install/robmovil_msgs/include/robmovil_msgs/robmovil_msgs/msg/detail/trajectory_point__type_support.hpp
[0.587s] -- Up-to-date: /root/ros2_ws/src/robotica/install/robmovil_msgs/include/robmovil_msgs/robmovil_msgs/msg/detail/landmark__builder.hpp
[0.587s] -- Up-to-date: /root/ros2_ws/src/robotica/install/robmovil_msgs/include/robmovil_msgs/robmovil_msgs/msg/detail/landmark__struct.hpp
[0.587s] -- Up-to-date: /root/ros2_ws/src/robotica/install/robmovil_msgs/include/robmovil_msgs/robmovil_msgs/msg/detail/landmark__traits.hpp
[0.588s] -- Up-to-date: /root/ros2_ws/src/robotica/install/robmovil_msgs/include/robmovil_msgs/robmovil_msgs/msg/detail/landmark__type_support.hpp
[0.588s] -- Up-to-date: /root/ros2_ws/src/robotica/install/robmovil_msgs/include/robmovil_msgs/robmovil_msgs/msg/detail/landmark_array__builder.hpp
[0.588s] -- Up-to-date: /root/ros2_ws/src/robotica/install/robmovil_msgs/include/robmovil_msgs/robmovil_msgs/msg/detail/landmark_array__struct.hpp
[0.588s] -- Up-to-date: /root/ros2_ws/src/robotica/install/robmovil_msgs/include/robmovil_msgs/robmovil_msgs/msg/detail/landmark_array__traits.hpp
[0.588s] -- Up-to-date: /root/ros2_ws/src/robotica/install/robmovil_msgs/include/robmovil_msgs/robmovil_msgs/msg/detail/landmark_array__type_support.hpp
[0.588s] -- Up-to-date: /root/ros2_ws/src/robotica/install/robmovil_msgs/include/robmovil_msgs/robmovil_msgs/msg/multi_encoder_ticks.hpp
[0.588s] -- Up-to-date: /root/ros2_ws/src/robotica/install/robmovil_msgs/include/robmovil_msgs/robmovil_msgs/msg/trajectory.hpp
[0.588s] -- Up-to-date: /root/ros2_ws/src/robotica/install/robmovil_msgs/include/robmovil_msgs/robmovil_msgs/msg/trajectory_point.hpp
[0.588s] -- Up-to-date: /root/ros2_ws/src/robotica/install/robmovil_msgs/include/robmovil_msgs/robmovil_msgs/msg/landmark.hpp
[0.588s] -- Up-to-date: /root/ros2_ws/src/robotica/install/robmovil_msgs/include/robmovil_msgs/robmovil_msgs/msg/landmark_array.hpp
[0.589s] -- Up-to-date: /root/ros2_ws/src/robotica/install/robmovil_msgs/include/robmovil_msgs/robmovil_msgs
[0.589s] -- Up-to-date: /root/ros2_ws/src/robotica/install/robmovil_msgs/include/robmovil_msgs/robmovil_msgs/msg
[0.589s] -- Up-to-date: /root/ros2_ws/src/robotica/install/robmovil_msgs/include/robmovil_msgs/robmovil_msgs/msg/rosidl_typesupport_fastrtps_cpp__visibility_control.h
[0.589s] -- Up-to-date: /root/ros2_ws/src/robotica/install/robmovil_msgs/include/robmovil_msgs/robmovil_msgs/msg/detail
[0.589s] -- Up-to-date: /root/ros2_ws/src/robotica/install/robmovil_msgs/include/robmovil_msgs/robmovil_msgs/msg/detail/encoder_ticks__rosidl_typesupport_fastrtps_cpp.hpp
[0.589s] -- Up-to-date: /root/ros2_ws/src/robotica/install/robmovil_msgs/include/robmovil_msgs/robmovil_msgs/msg/detail/dds_fastrtps
[0.589s] -- Up-to-date: /root/ros2_ws/src/robotica/install/robmovil_msgs/include/robmovil_msgs/robmovil_msgs/msg/detail/multi_encoder_ticks__rosidl_typesupport_fastrtps_cpp.hpp
[0.589s] -- Up-to-date: /root/ros2_ws/src/robotica/install/robmovil_msgs/include/robmovil_msgs/robmovil_msgs/msg/detail/trajectory__rosidl_typesupport_fastrtps_cpp.hpp
[0.589s] -- Up-to-date: /root/ros2_ws/src/robotica/install/robmovil_msgs/include/robmovil_msgs/robmovil_msgs/msg/detail/trajectory_point__rosidl_typesupport_fastrtps_cpp.hpp
[0.589s] -- Up-to-date: /root/ros2_ws/src/robotica/install/robmovil_msgs/include/robmovil_msgs/robmovil_msgs/msg/detail/landmark__rosidl_typesupport_fastrtps_cpp.hpp
[0.590s] -- Up-to-date: /root/ros2_ws/src/robotica/install/robmovil_msgs/include/robmovil_msgs/robmovil_msgs/msg/detail/landmark_array__rosidl_typesupport_fastrtps_cpp.hpp
[0.590s] -- Up-to-date: /root/ros2_ws/src/robotica/install/robmovil_msgs/lib/librobmovil_msgs__rosidl_typesupport_fastrtps_cpp.so
[0.590s] -- Up-to-date: /root/ros2_ws/src/robotica/install/robmovil_msgs/include/robmovil_msgs/robmovil_msgs
[0.590s] -- Up-to-date: /root/ros2_ws/src/robotica/install/robmovil_msgs/include/robmovil_msgs/robmovil_msgs/msg
[0.590s] -- Up-to-date: /root/ros2_ws/src/robotica/install/robmovil_msgs/include/robmovil_msgs/robmovil_msgs/msg/detail
[0.590s] -- Up-to-date: /root/ros2_ws/src/robotica/install/robmovil_msgs/include/robmovil_msgs/robmovil_msgs/msg/detail/encoder_ticks__rosidl_typesupport_introspection_cpp.hpp
[0.590s] -- Up-to-date: /root/ros2_ws/src/robotica/install/robmovil_msgs/include/robmovil_msgs/robmovil_msgs/msg/detail/encoder_ticks__type_support.cpp
[0.590s] -- Up-to-date: /root/ros2_ws/src/robotica/install/robmovil_msgs/include/robmovil_msgs/robmovil_msgs/msg/detail/multi_encoder_ticks__rosidl_typesupport_introspection_cpp.hpp
[0.591s] -- Up-to-date: /root/ros2_ws/src/robotica/install/robmovil_msgs/include/robmovil_msgs/robmovil_msgs/msg/detail/multi_encoder_ticks__type_support.cpp
[0.591s] -- Up-to-date: /root/ros2_ws/src/robotica/install/robmovil_msgs/include/robmovil_msgs/robmovil_msgs/msg/detail/trajectory__rosidl_typesupport_introspection_cpp.hpp
[0.591s] -- Up-to-date: /root/ros2_ws/src/robotica/install/robmovil_msgs/include/robmovil_msgs/robmovil_msgs/msg/detail/trajectory__type_support.cpp
[0.591s] -- Up-to-date: /root/ros2_ws/src/robotica/install/robmovil_msgs/include/robmovil_msgs/robmovil_msgs/msg/detail/trajectory_point__rosidl_typesupport_introspection_cpp.hpp
[0.591s] -- Up-to-date: /root/ros2_ws/src/robotica/install/robmovil_msgs/include/robmovil_msgs/robmovil_msgs/msg/detail/trajectory_point__type_support.cpp
[0.591s] -- Up-to-date: /root/ros2_ws/src/robotica/install/robmovil_msgs/include/robmovil_msgs/robmovil_msgs/msg/detail/landmark__rosidl_typesupport_introspection_cpp.hpp
[0.591s] -- Up-to-date: /root/ros2_ws/src/robotica/install/robmovil_msgs/include/robmovil_msgs/robmovil_msgs/msg/detail/landmark__type_support.cpp
[0.591s] -- Up-to-date: /root/ros2_ws/src/robotica/install/robmovil_msgs/include/robmovil_msgs/robmovil_msgs/msg/detail/landmark_array__rosidl_typesupport_introspection_cpp.hpp
[0.591s] -- Up-to-date: /root/ros2_ws/src/robotica/install/robmovil_msgs/include/robmovil_msgs/robmovil_msgs/msg/detail/landmark_array__type_support.cpp
[0.591s] -- Up-to-date: /root/ros2_ws/src/robotica/install/robmovil_msgs/lib/librobmovil_msgs__rosidl_typesupport_introspection_cpp.so
[0.592s] -- Up-to-date: /root/ros2_ws/src/robotica/install/robmovil_msgs/lib/librobmovil_msgs__rosidl_typesupport_cpp.so
[0.592s] -- Up-to-date: /root/ros2_ws/src/robotica/install/robmovil_msgs/share/robmovil_msgs/environment/pythonpath.sh
[0.592s] -- Up-to-date: /root/ros2_ws/src/robotica/install/robmovil_msgs/share/robmovil_msgs/environment/pythonpath.dsv
[0.592s] -- Up-to-date: /root/ros2_ws/src/robotica/install/robmovil_msgs/local/lib/python3.10/dist-packages/robmovil_msgs-0.0.0-py3.10.egg-info
[0.592s] -- Installing: /root/ros2_ws/src/robotica/install/robmovil_msgs/local/lib/python3.10/dist-packages/robmovil_msgs-0.0.0-py3.10.egg-info/PKG-INFO
[0.592s] -- Installing: /root/ros2_ws/src/robotica/install/robmovil_msgs/local/lib/python3.10/dist-packages/robmovil_msgs-0.0.0-py3.10.egg-info/dependency_links.txt
[0.592s] -- Installing: /root/ros2_ws/src/robotica/install/robmovil_msgs/local/lib/python3.10/dist-packages/robmovil_msgs-0.0.0-py3.10.egg-info/top_level.txt
[0.592s] -- Installing: /root/ros2_ws/src/robotica/install/robmovil_msgs/local/lib/python3.10/dist-packages/robmovil_msgs-0.0.0-py3.10.egg-info/SOURCES.txt
[0.592s] -- Up-to-date: /root/ros2_ws/src/robotica/install/robmovil_msgs/local/lib/python3.10/dist-packages/robmovil_msgs
[0.592s] -- Up-to-date: /root/ros2_ws/src/robotica/install/robmovil_msgs/local/lib/python3.10/dist-packages/robmovil_msgs/__init__.py
[0.593s] -- Up-to-date: /root/ros2_ws/src/robotica/install/robmovil_msgs/local/lib/python3.10/dist-packages/robmovil_msgs/msg
[0.593s] -- Up-to-date: /root/ros2_ws/src/robotica/install/robmovil_msgs/local/lib/python3.10/dist-packages/robmovil_msgs/msg/_encoder_ticks.py
[0.593s] -- Up-to-date: /root/ros2_ws/src/robotica/install/robmovil_msgs/local/lib/python3.10/dist-packages/robmovil_msgs/msg/_encoder_ticks_s.c
[0.593s] -- Up-to-date: /root/ros2_ws/src/robotica/install/robmovil_msgs/local/lib/python3.10/dist-packages/robmovil_msgs/msg/_multi_encoder_ticks.py
[0.593s] -- Up-to-date: /root/ros2_ws/src/robotica/install/robmovil_msgs/local/lib/python3.10/dist-packages/robmovil_msgs/msg/_multi_encoder_ticks_s.c
[0.593s] -- Up-to-date: /root/ros2_ws/src/robotica/install/robmovil_msgs/local/lib/python3.10/dist-packages/robmovil_msgs/msg/_trajectory.py
[0.593s] -- Up-to-date: /root/ros2_ws/src/robotica/install/robmovil_msgs/local/lib/python3.10/dist-packages/robmovil_msgs/msg/_trajectory_s.c
[0.593s] -- Up-to-date: /root/ros2_ws/src/robotica/install/robmovil_msgs/local/lib/python3.10/dist-packages/robmovil_msgs/msg/_trajectory_point.py
[0.593s] -- Up-to-date: /root/ros2_ws/src/robotica/install/robmovil_msgs/local/lib/python3.10/dist-packages/robmovil_msgs/msg/_trajectory_point_s.c
[0.594s] -- Up-to-date: /root/ros2_ws/src/robotica/install/robmovil_msgs/local/lib/python3.10/dist-packages/robmovil_msgs/msg/_landmark.py
[0.594s] -- Up-to-date: /root/ros2_ws/src/robotica/install/robmovil_msgs/local/lib/python3.10/dist-packages/robmovil_msgs/msg/_landmark_s.c
[0.594s] -- Up-to-date: /root/ros2_ws/src/robotica/install/robmovil_msgs/local/lib/python3.10/dist-packages/robmovil_msgs/msg/_landmark_array.py
[0.594s] -- Up-to-date: /root/ros2_ws/src/robotica/install/robmovil_msgs/local/lib/python3.10/dist-packages/robmovil_msgs/msg/_landmark_array_s.c
[0.594s] -- Up-to-date: /root/ros2_ws/src/robotica/install/robmovil_msgs/local/lib/python3.10/dist-packages/robmovil_msgs/msg/__init__.py
[0.594s] -- Up-to-date: /root/ros2_ws/src/robotica/install/robmovil_msgs/local/lib/python3.10/dist-packages/robmovil_msgs/_robmovil_msgs_s.ep.rosidl_typesupport_fastrtps_c.c
[0.594s] -- Up-to-date: /root/ros2_ws/src/robotica/install/robmovil_msgs/local/lib/python3.10/dist-packages/robmovil_msgs/_robmovil_msgs_s.ep.rosidl_typesupport_introspection_c.c
[0.594s] -- Up-to-date: /root/ros2_ws/src/robotica/install/robmovil_msgs/local/lib/python3.10/dist-packages/robmovil_msgs/_robmovil_msgs_s.ep.rosidl_typesupport_c.c
[0.594s] -- Up-to-date: /root/ros2_ws/src/robotica/install/robmovil_msgs/local/lib/python3.10/dist-packages/robmovil_msgs/librobmovil_msgs__rosidl_generator_py.so
[0.595s] -- Up-to-date: /root/ros2_ws/src/robotica/install/robmovil_msgs/local/lib/python3.10/dist-packages/robmovil_msgs/robmovil_msgs_s__rosidl_typesupport_c.cpython-310-x86_64-linux-gnu.so
[0.595s] -- Up-to-date: /root/ros2_ws/src/robotica/install/robmovil_msgs/local/lib/python3.10/dist-packages/robmovil_msgs/robmovil_msgs_s__rosidl_typesupport_introspection_c.cpython-310-x86_64-linux-gnu.so
[0.595s] -- Up-to-date: /root/ros2_ws/src/robotica/install/robmovil_msgs/local/lib/python3.10/dist-packages/robmovil_msgs/robmovil_msgs_s__rosidl_typesupport_fastrtps_c.cpython-310-x86_64-linux-gnu.so
[0.630s] Listing '/root/ros2_ws/src/robotica/install/robmovil_msgs/local/lib/python3.10/dist-packages/robmovil_msgs'...
[0.630s] Listing '/root/ros2_ws/src/robotica/install/robmovil_msgs/local/lib/python3.10/dist-packages/robmovil_msgs/msg'...
[0.639s] -- Up-to-date: /root/ros2_ws/src/robotica/install/robmovil_msgs/local/lib/python3.10/dist-packages/robmovil_msgs/robmovil_msgs_s__rosidl_typesupport_fastrtps_c.cpython-310-x86_64-linux-gnu.so
[0.640s] -- Up-to-date: /root/ros2_ws/src/robotica/install/robmovil_msgs/local/lib/python3.10/dist-packages/robmovil_msgs/robmovil_msgs_s__rosidl_typesupport_introspection_c.cpython-310-x86_64-linux-gnu.so
[0.640s] -- Up-to-date: /root/ros2_ws/src/robotica/install/robmovil_msgs/local/lib/python3.10/dist-packages/robmovil_msgs/robmovil_msgs_s__rosidl_typesupport_c.cpython-310-x86_64-linux-gnu.so
[0.641s] -- Up-to-date: /root/ros2_ws/src/robotica/install/robmovil_msgs/lib/librobmovil_msgs__rosidl_generator_py.so
[0.641s] -- Up-to-date: /root/ros2_ws/src/robotica/install/robmovil_msgs/share/ament_index/resource_index/rust_packages/robmovil_msgs
[0.642s] -- Up-to-date: /root/ros2_ws/src/robotica/install/robmovil_msgs/share/robmovil_msgs/rust
[0.642s] -- Up-to-date: /root/ros2_ws/src/robotica/install/robmovil_msgs/share/robmovil_msgs/rust/src
[0.642s] -- Up-to-date: /root/ros2_ws/src/robotica/install/robmovil_msgs/share/robmovil_msgs/rust/src/msg.rs
[0.642s] -- Up-to-date: /root/ros2_ws/src/robotica/install/robmovil_msgs/share/robmovil_msgs/rust/src/msg
[0.642s] -- Up-to-date: /root/ros2_ws/src/robotica/install/robmovil_msgs/share/robmovil_msgs/rust/src/msg/rmw.rs
[0.643s] -- Up-to-date: /root/ros2_ws/src/robotica/install/robmovil_msgs/share/robmovil_msgs/rust/src/lib.rs
[0.643s] -- Up-to-date: /root/ros2_ws/src/robotica/install/robmovil_msgs/share/robmovil_msgs/rust/Cargo.toml
[0.643s] -- Up-to-date: /root/ros2_ws/src/robotica/install/robmovil_msgs/share/robmovil_msgs/rust/build.rs
[0.643s] -- Up-to-date: /root/ros2_ws/src/robotica/install/robmovil_msgs/share/robmovil_msgs/msg/EncoderTicks.idl
[0.643s] -- Up-to-date: /root/ros2_ws/src/robotica/install/robmovil_msgs/share/robmovil_msgs/msg/MultiEncoderTicks.idl
[0.643s] -- Up-to-date: /root/ros2_ws/src/robotica/install/robmovil_msgs/share/robmovil_msgs/msg/Trajectory.idl
[0.643s] -- Up-to-date: /root/ros2_ws/src/robotica/install/robmovil_msgs/share/robmovil_msgs/msg/TrajectoryPoint.idl
[0.643s] -- Up-to-date: /root/ros2_ws/src/robotica/install/robmovil_msgs/share/robmovil_msgs/msg/Landmark.idl
[0.643s] -- Up-to-date: /root/ros2_ws/src/robotica/install/robmovil_msgs/share/robmovil_msgs/msg/LandmarkArray.idl
[0.643s] -- Up-to-date: /root/ros2_ws/src/robotica/install/robmovil_msgs/share/robmovil_msgs/msg/EncoderTicks.msg
[0.644s] -- Up-to-date: /root/ros2_ws/src/robotica/install/robmovil_msgs/share/robmovil_msgs/msg/MultiEncoderTicks.msg
[0.644s] -- Up-to-date: /root/ros2_ws/src/robotica/install/robmovil_msgs/share/robmovil_msgs/msg/Trajectory.msg
[0.644s] -- Up-to-date: /root/ros2_ws/src/robotica/install/robmovil_msgs/share/robmovil_msgs/msg/TrajectoryPoint.msg
[0.644s] -- Up-to-date: /root/ros2_ws/src/robotica/install/robmovil_msgs/share/robmovil_msgs/msg/Landmark.msg
[0.644s] -- Up-to-date: /root/ros2_ws/src/robotica/install/robmovil_msgs/share/robmovil_msgs/msg/LandmarkArray.msg
[0.644s] -- Up-to-date: /root/ros2_ws/src/robotica/install/robmovil_msgs/share/ament_index/resource_index/package_run_dependencies/robmovil_msgs
[0.644s] -- Up-to-date: /root/ros2_ws/src/robotica/install/robmovil_msgs/share/ament_index/resource_index/parent_prefix_path/robmovil_msgs
[0.644s] -- Up-to-date: /root/ros2_ws/src/robotica/install/robmovil_msgs/share/robmovil_msgs/environment/ament_prefix_path.sh
[0.644s] -- Up-to-date: /root/ros2_ws/src/robotica/install/robmovil_msgs/share/robmovil_msgs/environment/ament_prefix_path.dsv
[0.644s] -- Up-to-date: /root/ros2_ws/src/robotica/install/robmovil_msgs/share/robmovil_msgs/environment/path.sh
[0.644s] -- Up-to-date: /root/ros2_ws/src/robotica/install/robmovil_msgs/share/robmovil_msgs/environment/path.dsv
[0.644s] -- Up-to-date: /root/ros2_ws/src/robotica/install/robmovil_msgs/share/robmovil_msgs/local_setup.bash
[0.644s] -- Up-to-date: /root/ros2_ws/src/robotica/install/robmovil_msgs/share/robmovil_msgs/local_setup.sh
[0.645s] -- Up-to-date: /root/ros2_ws/src/robotica/install/robmovil_msgs/share/robmovil_msgs/local_setup.zsh
[0.645s] -- Up-to-date: /root/ros2_ws/src/robotica/install/robmovil_msgs/share/robmovil_msgs/local_setup.dsv
[0.645s] -- Installing: /root/ros2_ws/src/robotica/install/robmovil_msgs/share/robmovil_msgs/package.dsv
[0.645s] -- Up-to-date: /root/ros2_ws/src/robotica/install/robmovil_msgs/share/ament_index/resource_index/packages/robmovil_msgs
[0.645s] -- Up-to-date: /root/ros2_ws/src/robotica/install/robmovil_msgs/share/robmovil_msgs/cmake/export_robmovil_msgs__rosidl_generator_cExport.cmake
[0.645s] -- Up-to-date: /root/ros2_ws/src/robotica/install/robmovil_msgs/share/robmovil_msgs/cmake/export_robmovil_msgs__rosidl_generator_cExport-noconfig.cmake
[0.645s] -- Up-to-date: /root/ros2_ws/src/robotica/install/robmovil_msgs/share/robmovil_msgs/cmake/export_robmovil_msgs__rosidl_typesupport_fastrtps_cExport.cmake
[0.645s] -- Up-to-date: /root/ros2_ws/src/robotica/install/robmovil_msgs/share/robmovil_msgs/cmake/export_robmovil_msgs__rosidl_typesupport_fastrtps_cExport-noconfig.cmake
[0.645s] -- Up-to-date: /root/ros2_ws/src/robotica/install/robmovil_msgs/share/robmovil_msgs/cmake/robmovil_msgs__rosidl_typesupport_introspection_cExport.cmake
[0.645s] -- Up-to-date: /root/ros2_ws/src/robotica/install/robmovil_msgs/share/robmovil_msgs/cmake/robmovil_msgs__rosidl_typesupport_introspection_cExport-noconfig.cmake
[0.645s] -- Up-to-date: /root/ros2_ws/src/robotica/install/robmovil_msgs/share/robmovil_msgs/cmake/robmovil_msgs__rosidl_typesupport_cExport.cmake
[0.645s] -- Up-to-date: /root/ros2_ws/src/robotica/install/robmovil_msgs/share/robmovil_msgs/cmake/robmovil_msgs__rosidl_typesupport_cExport-noconfig.cmake
[0.645s] -- Up-to-date: /root/ros2_ws/src/robotica/install/robmovil_msgs/share/robmovil_msgs/cmake/export_robmovil_msgs__rosidl_generator_cppExport.cmake
[0.645s] -- Up-to-date: /root/ros2_ws/src/robotica/install/robmovil_msgs/share/robmovil_msgs/cmake/export_robmovil_msgs__rosidl_typesupport_fastrtps_cppExport.cmake
[0.646s] -- Up-to-date: /root/ros2_ws/src/robotica/install/robmovil_msgs/share/robmovil_msgs/cmake/export_robmovil_msgs__rosidl_typesupport_fastrtps_cppExport-noconfig.cmake
[0.646s] -- Up-to-date: /root/ros2_ws/src/robotica/install/robmovil_msgs/share/robmovil_msgs/cmake/robmovil_msgs__rosidl_typesupport_introspection_cppExport.cmake
[0.646s] -- Up-to-date: /root/ros2_ws/src/robotica/install/robmovil_msgs/share/robmovil_msgs/cmake/robmovil_msgs__rosidl_typesupport_introspection_cppExport-noconfig.cmake
[0.646s] -- Up-to-date: /root/ros2_ws/src/robotica/install/robmovil_msgs/share/robmovil_msgs/cmake/robmovil_msgs__rosidl_typesupport_cppExport.cmake
[0.646s] -- Up-to-date: /root/ros2_ws/src/robotica/install/robmovil_msgs/share/robmovil_msgs/cmake/robmovil_msgs__rosidl_typesupport_cppExport-noconfig.cmake
[0.646s] -- Up-to-date: /root/ros2_ws/src/robotica/install/robmovil_msgs/share/robmovil_msgs/cmake/export_robmovil_msgs__rosidl_generator_pyExport.cmake
[0.646s] -- Up-to-date: /root/ros2_ws/src/robotica/install/robmovil_msgs/share/robmovil_msgs/cmake/export_robmovil_msgs__rosidl_generator_pyExport-noconfig.cmake
[0.646s] -- Up-to-date: /root/ros2_ws/src/robotica/install/robmovil_msgs/share/robmovil_msgs/cmake/rosidl_cmake-extras.cmake
[0.646s] -- Up-to-date: /root/ros2_ws/src/robotica/install/robmovil_msgs/share/robmovil_msgs/cmake/ament_cmake_export_dependencies-extras.cmake
[0.646s] -- Up-to-date: /root/ros2_ws/src/robotica/install/robmovil_msgs/share/robmovil_msgs/cmake/ament_cmake_export_include_directories-extras.cmake
[0.647s] -- Up-to-date: /root/ros2_ws/src/robotica/install/robmovil_msgs/share/robmovil_msgs/cmake/ament_cmake_export_libraries-extras.cmake
[0.647s] -- Up-to-date: /root/ros2_ws/src/robotica/install/robmovil_msgs/share/robmovil_msgs/cmake/ament_cmake_export_targets-extras.cmake
[0.647s] -- Up-to-date: /root/ros2_ws/src/robotica/install/robmovil_msgs/share/robmovil_msgs/cmake/rosidl_cmake_export_typesupport_targets-extras.cmake
[0.647s] -- Up-to-date: /root/ros2_ws/src/robotica/install/robmovil_msgs/share/robmovil_msgs/cmake/rosidl_cmake_export_typesupport_libraries-extras.cmake
[0.647s] -- Up-to-date: /root/ros2_ws/src/robotica/install/robmovil_msgs/share/robmovil_msgs/cmake/robmovil_msgsConfig.cmake
[0.647s] -- Up-to-date: /root/ros2_ws/src/robotica/install/robmovil_msgs/share/robmovil_msgs/cmake/robmovil_msgsConfig-version.cmake
[0.647s] -- Up-to-date: /root/ros2_ws/src/robotica/install/robmovil_msgs/share/robmovil_msgs/package.xml
[0.649s] Invoked command in '/root/ros2_ws/src/robotica/build/robmovil_msgs' returned '0': CMAKE_PREFIX_PATH=${CMAKE_PREFIX_PATH}:/opt/ros/humble /usr/bin/cmake --install /root/ros2_ws/src/robotica/build/robmovil_msgs
