-- The C compiler identification is GNU 11.4.0
-- The CXX compiler identification is GNU 11.4.0
-- Detecting C compiler ABI info
-- Detecting C compiler ABI info - done
-- Check for working C compiler: /usr/bin/cc - skipped
-- Detecting C compile features
-- Detecting C compile features - done
-- Detecting CXX compiler ABI info
-- Detecting CXX compiler ABI info - done
-- Check for working CXX compiler: /usr/bin/c++ - skipped
-- Detecting CXX compile features
-- Detecting CXX compile features - done
-- Found ament_cmake: 1.3.14 (/opt/ros/humble/share/ament_cmake/cmake)
-- Found Python3: /usr/bin/python3 (found version "3.10.12") found components: Interpreter 
-- Found rclcpp: 16.0.19 (/opt/ros/humble/share/rclcpp/cmake)
-- Found rosidl_generator_c: 3.1.8 (/opt/ros/humble/share/rosidl_generator_c/cmake)
-- Found rosidl_adapter: 3.1.8 (/opt/ros/humble/share/rosidl_adapter/cmake)
-- Found rosidl_generator_cpp: 3.1.8 (/opt/ros/humble/share/rosidl_generator_cpp/cmake)
-- Using all available rosidl_typesupport_c: rosidl_typesupport_fastrtps_c;rosidl_typesupport_introspection_c
-- Using all available rosidl_typesupport_cpp: rosidl_typesupport_fastrtps_cpp;rosidl_typesupport_introspection_cpp
-- Found rmw_implementation_cmake: 6.1.2 (/opt/ros/humble/share/rmw_implementation_cmake/cmake)
-- Found rmw_fastrtps_cpp: 6.2.10 (/opt/ros/humble/share/rmw_fastrtps_cpp/cmake)
-- Found OpenSSL: /usr/lib/x86_64-linux-gnu/libcrypto.so (found version "3.0.2")  
-- Found FastRTPS: /opt/ros/humble/include  
-- Using RMW implementation 'rmw_fastrtps_cpp' as default
-- Looking for pthread.h
-- Looking for pthread.h - found
-- Performing Test CMAKE_HAVE_LIBC_PTHREAD
-- Performing Test CMAKE_HAVE_LIBC_PTHREAD - Success
-- Found Threads: TRUE  
-- Found geometry_msgs: 4.9.1 (/opt/ros/humble/share/geometry_msgs/cmake)
-- Found nav_msgs: 4.9.1 (/opt/ros/humble/share/nav_msgs/cmake)
-- Found robmovil_msgs: 0.0.0 (/root/ros2_ws/src/robotica/install/robmovil_msgs/share/robmovil_msgs/cmake)
-- Found tf2_ros: 0.25.20 (/opt/ros/humble/share/tf2_ros/cmake)
-- Found tf2_geometry_msgs: 0.25.20 (/opt/ros/humble/share/tf2_geometry_msgs/cmake)
-- Found eigen3_cmake_module: 0.1.1 (/opt/ros/humble/share/eigen3_cmake_module/cmake)
-- Found Eigen3: TRUE (found version "3.4.0") 
-- Ensuring Eigen3 include directory is part of orocos-kdl CMake target
-- Configuring done
-- Generating done
-- Build files have been written to: /root/ros2_ws/src/robotica/build/ej1
[ 33%] [32mBuilding CXX object CMakeFiles/pioneer_odometry_node.dir/src/pioneer_odometry.cpp.o[0m
[ 66%] [32mBuilding CXX object CMakeFiles/pioneer_odometry_node.dir/src/pioneer_odometry_node.cpp.o[0m
[100%] [32m[1mLinking CXX executable pioneer_odometry_node[0m
[100%] Built target pioneer_odometry_node
-- Install configuration: ""
-- Installing: /root/ros2_ws/src/robotica/install/ej1/lib/ej1/pioneer_odometry_node
-- Set runtime path of "/root/ros2_ws/src/robotica/install/ej1/lib/ej1/pioneer_odometry_node" to ""
-- Installing: /root/ros2_ws/src/robotica/install/ej1/share/ament_index/resource_index/package_run_dependencies/ej1
-- Installing: /root/ros2_ws/src/robotica/install/ej1/share/ament_index/resource_index/parent_prefix_path/ej1
-- Installing: /root/ros2_ws/src/robotica/install/ej1/share/ej1/environment/ament_prefix_path.sh
-- Installing: /root/ros2_ws/src/robotica/install/ej1/share/ej1/environment/ament_prefix_path.dsv
-- Installing: /root/ros2_ws/src/robotica/install/ej1/share/ej1/environment/path.sh
-- Installing: /root/ros2_ws/src/robotica/install/ej1/share/ej1/environment/path.dsv
-- Installing: /root/ros2_ws/src/robotica/install/ej1/share/ej1/local_setup.bash
-- Installing: /root/ros2_ws/src/robotica/install/ej1/share/ej1/local_setup.sh
-- Installing: /root/ros2_ws/src/robotica/install/ej1/share/ej1/local_setup.zsh
-- Installing: /root/ros2_ws/src/robotica/install/ej1/share/ej1/local_setup.dsv
-- Installing: /root/ros2_ws/src/robotica/install/ej1/share/ej1/package.dsv
-- Installing: /root/ros2_ws/src/robotica/install/ej1/share/ament_index/resource_index/packages/ej1
-- Installing: /root/ros2_ws/src/robotica/install/ej1/share/ej1/cmake/ej1Config.cmake
-- Installing: /root/ros2_ws/src/robotica/install/ej1/share/ej1/cmake/ej1Config-version.cmake
-- Installing: /root/ros2_ws/src/robotica/install/ej1/share/ej1/package.xml
