[0.180s] DEBUG:colcon:Command line arguments: ['/usr/bin/colcon', 'build']
[0.180s] DEBUG:colcon:Parsed command line arguments: Namespace(log_base=None, log_level=None, verb_name='build', build_base='build', install_base='install', merge_install=False, symlink_install=False, test_result_base=None, continue_on_error=False, executor='parallel', parallel_workers=8, event_handlers=None, ignore_user_meta=False, metas=['./colcon.meta'], base_paths=['.'], packages_ignore=None, packages_ignore_regex=None, paths=None, packages_up_to=None, packages_up_to_regex=None, packages_above=None, packages_above_and_dependencies=None, packages_above_depth=None, packages_select_by_dep=None, packages_skip_by_dep=None, packages_skip_up_to=None, packages_select_build_failed=False, packages_skip_build_finished=False, packages_select_test_failures=False, packages_skip_test_passed=False, packages_select=None, packages_skip=None, packages_select_regex=None, packages_skip_regex=None, packages_start=None, packages_end=None, cmake_args=None, cmake_target=None, cmake_target_skip_unavailable=False, cmake_clean_cache=False, cmake_clean_first=False, cmake_force_configure=False, ament_cmake_args=None, catkin_cmake_args=None, catkin_skip_building_tests=False, mixin_files=None, mixin=None, verb_parser=<colcon_mixin.mixin.mixin_argument.MixinArgumentDecorator object at 0x7fb832fdcf70>, verb_extension=<colcon_core.verb.build.BuildVerb object at 0x7fb833151f00>, main=<bound method BuildVerb.main of <colcon_core.verb.build.BuildVerb object at 0x7fb833151f00>>, mixin_verb=('build',))
[0.392s] Level 1:colcon.colcon_core.package_discovery:discover_packages(colcon_meta) check parameters
[0.393s] INFO:colcon.colcon_metadata.package_discovery.colcon_meta:Using configuration from '/root/.colcon/metadata/default/Gazebo.meta'
[0.394s] INFO:colcon.colcon_metadata.package_discovery.colcon_meta:Using configuration from '/root/.colcon/metadata/default/fastdds.meta'
[0.395s] INFO:colcon.colcon_metadata.package_discovery.colcon_meta:Using configuration from '/root/.colcon/metadata/default/fastrtps.meta'
[0.395s] Level 1:colcon.colcon_core.package_discovery:discover_packages(recursive) check parameters
[0.395s] Level 1:colcon.colcon_core.package_discovery:discover_packages(ignore) check parameters
[0.395s] Level 1:colcon.colcon_core.package_discovery:discover_packages(path) check parameters
[0.395s] Level 1:colcon.colcon_core.package_discovery:discover_packages(colcon_meta) discover
[0.395s] Level 1:colcon.colcon_core.package_discovery:discover_packages(recursive) discover
[0.395s] INFO:colcon.colcon_core.package_discovery:Crawling recursively for packages in '/root/ros2_ws/src/robotica'
[0.395s] Level 1:colcon.colcon_core.package_identification:_identify(.) by extensions ['ignore', 'ignore_ament_install']
[0.395s] Level 1:colcon.colcon_core.package_identification:_identify(.) by extension 'ignore'
[0.396s] Level 1:colcon.colcon_core.package_identification:_identify(.) by extension 'ignore_ament_install'
[0.396s] Level 1:colcon.colcon_core.package_identification:_identify(.) by extensions ['colcon_pkg']
[0.396s] Level 1:colcon.colcon_core.package_identification:_identify(.) by extension 'colcon_pkg'
[0.396s] Level 1:colcon.colcon_core.package_identification:_identify(.) by extensions ['colcon_meta']
[0.396s] Level 1:colcon.colcon_core.package_identification:_identify(.) by extension 'colcon_meta'
[0.396s] Level 1:colcon.colcon_core.package_identification:_identify(.) by extensions ['ros']
[0.396s] Level 1:colcon.colcon_core.package_identification:_identify(.) by extension 'ros'
[0.411s] Level 1:colcon.colcon_core.package_identification:_identify(.) by extensions ['cmake', 'python']
[0.411s] Level 1:colcon.colcon_core.package_identification:_identify(.) by extension 'cmake'
[0.411s] Level 1:colcon.colcon_core.package_identification:_identify(.) by extension 'python'
[0.411s] Level 1:colcon.colcon_core.package_identification:_identify(.) by extensions ['python_setup_py']
[0.411s] Level 1:colcon.colcon_core.package_identification:_identify(.) by extension 'python_setup_py'
[0.411s] Level 1:colcon.colcon_core.package_identification:_identify(build) by extensions ['ignore', 'ignore_ament_install']
[0.411s] Level 1:colcon.colcon_core.package_identification:_identify(build) by extension 'ignore'
[0.411s] Level 1:colcon.colcon_core.package_identification:_identify(build) ignored
[0.411s] Level 1:colcon.colcon_core.package_identification:_identify(coppeliaSim) by extensions ['ignore', 'ignore_ament_install']
[0.412s] Level 1:colcon.colcon_core.package_identification:_identify(coppeliaSim) by extension 'ignore'
[0.412s] Level 1:colcon.colcon_core.package_identification:_identify(coppeliaSim) by extension 'ignore_ament_install'
[0.412s] Level 1:colcon.colcon_core.package_identification:_identify(coppeliaSim) by extensions ['colcon_pkg']
[0.412s] Level 1:colcon.colcon_core.package_identification:_identify(coppeliaSim) by extension 'colcon_pkg'
[0.412s] Level 1:colcon.colcon_core.package_identification:_identify(coppeliaSim) by extensions ['colcon_meta']
[0.412s] Level 1:colcon.colcon_core.package_identification:_identify(coppeliaSim) by extension 'colcon_meta'
[0.412s] Level 1:colcon.colcon_core.package_identification:_identify(coppeliaSim) by extensions ['ros']
[0.412s] Level 1:colcon.colcon_core.package_identification:_identify(coppeliaSim) by extension 'ros'
[0.412s] Level 1:colcon.colcon_core.package_identification:_identify(coppeliaSim) by extensions ['cmake', 'python']
[0.412s] Level 1:colcon.colcon_core.package_identification:_identify(coppeliaSim) by extension 'cmake'
[0.412s] Level 1:colcon.colcon_core.package_identification:_identify(coppeliaSim) by extension 'python'
[0.412s] Level 1:colcon.colcon_core.package_identification:_identify(coppeliaSim) by extensions ['python_setup_py']
[0.412s] Level 1:colcon.colcon_core.package_identification:_identify(coppeliaSim) by extension 'python_setup_py'
[0.413s] Level 1:colcon.colcon_core.package_identification:_identify(ej1) by extensions ['ignore', 'ignore_ament_install']
[0.413s] Level 1:colcon.colcon_core.package_identification:_identify(ej1) by extension 'ignore'
[0.413s] Level 1:colcon.colcon_core.package_identification:_identify(ej1) by extension 'ignore_ament_install'
[0.413s] Level 1:colcon.colcon_core.package_identification:_identify(ej1) by extensions ['colcon_pkg']
[0.413s] Level 1:colcon.colcon_core.package_identification:_identify(ej1) by extension 'colcon_pkg'
[0.413s] Level 1:colcon.colcon_core.package_identification:_identify(ej1) by extensions ['colcon_meta']
[0.413s] Level 1:colcon.colcon_core.package_identification:_identify(ej1) by extension 'colcon_meta'
[0.413s] Level 1:colcon.colcon_core.package_identification:_identify(ej1) by extensions ['ros']
[0.413s] Level 1:colcon.colcon_core.package_identification:_identify(ej1) by extension 'ros'
[0.417s] DEBUG:colcon.colcon_core.package_identification:Package 'ej1' with type 'ros.ament_cmake' and name 'ej1'
[0.417s] Level 1:colcon.colcon_core.package_identification:_identify(ej2) by extensions ['ignore', 'ignore_ament_install']
[0.417s] Level 1:colcon.colcon_core.package_identification:_identify(ej2) by extension 'ignore'
[0.417s] Level 1:colcon.colcon_core.package_identification:_identify(ej2) by extension 'ignore_ament_install'
[0.417s] Level 1:colcon.colcon_core.package_identification:_identify(ej2) by extensions ['colcon_pkg']
[0.417s] Level 1:colcon.colcon_core.package_identification:_identify(ej2) by extension 'colcon_pkg'
[0.417s] Level 1:colcon.colcon_core.package_identification:_identify(ej2) by extensions ['colcon_meta']
[0.417s] Level 1:colcon.colcon_core.package_identification:_identify(ej2) by extension 'colcon_meta'
[0.418s] Level 1:colcon.colcon_core.package_identification:_identify(ej2) by extensions ['ros']
[0.418s] Level 1:colcon.colcon_core.package_identification:_identify(ej2) by extension 'ros'
[0.419s] DEBUG:colcon.colcon_core.package_identification:Package 'ej2' with type 'ros.ament_cmake' and name 'ej2'
[0.419s] Level 1:colcon.colcon_core.package_identification:_identify(ej3) by extensions ['ignore', 'ignore_ament_install']
[0.419s] Level 1:colcon.colcon_core.package_identification:_identify(ej3) by extension 'ignore'
[0.419s] Level 1:colcon.colcon_core.package_identification:_identify(ej3) by extension 'ignore_ament_install'
[0.419s] Level 1:colcon.colcon_core.package_identification:_identify(ej3) by extensions ['colcon_pkg']
[0.419s] Level 1:colcon.colcon_core.package_identification:_identify(ej3) by extension 'colcon_pkg'
[0.419s] Level 1:colcon.colcon_core.package_identification:_identify(ej3) by extensions ['colcon_meta']
[0.419s] Level 1:colcon.colcon_core.package_identification:_identify(ej3) by extension 'colcon_meta'
[0.419s] Level 1:colcon.colcon_core.package_identification:_identify(ej3) by extensions ['ros']
[0.420s] Level 1:colcon.colcon_core.package_identification:_identify(ej3) by extension 'ros'
[0.420s] Level 1:colcon.colcon_core.package_identification:_identify(ej3) by extensions ['cmake', 'python']
[0.420s] Level 1:colcon.colcon_core.package_identification:_identify(ej3) by extension 'cmake'
[0.420s] Level 1:colcon.colcon_core.package_identification:_identify(ej3) by extension 'python'
[0.420s] Level 1:colcon.colcon_core.package_identification:_identify(ej3) by extensions ['python_setup_py']
[0.420s] Level 1:colcon.colcon_core.package_identification:_identify(ej3) by extension 'python_setup_py'
[0.420s] Level 1:colcon.colcon_core.package_identification:_identify(install) by extensions ['ignore', 'ignore_ament_install']
[0.420s] Level 1:colcon.colcon_core.package_identification:_identify(install) by extension 'ignore'
[0.420s] Level 1:colcon.colcon_core.package_identification:_identify(install) ignored
[0.420s] Level 1:colcon.colcon_core.package_identification:_identify(log) by extensions ['ignore', 'ignore_ament_install']
[0.420s] Level 1:colcon.colcon_core.package_identification:_identify(log) by extension 'ignore'
[0.420s] Level 1:colcon.colcon_core.package_identification:_identify(log) ignored
[0.420s] Level 1:colcon.colcon_core.package_identification:_identify(robmovil_msgs) by extensions ['ignore', 'ignore_ament_install']
[0.420s] Level 1:colcon.colcon_core.package_identification:_identify(robmovil_msgs) by extension 'ignore'
[0.421s] Level 1:colcon.colcon_core.package_identification:_identify(robmovil_msgs) by extension 'ignore_ament_install'
[0.421s] Level 1:colcon.colcon_core.package_identification:_identify(robmovil_msgs) by extensions ['colcon_pkg']
[0.421s] Level 1:colcon.colcon_core.package_identification:_identify(robmovil_msgs) by extension 'colcon_pkg'
[0.421s] Level 1:colcon.colcon_core.package_identification:_identify(robmovil_msgs) by extensions ['colcon_meta']
[0.421s] Level 1:colcon.colcon_core.package_identification:_identify(robmovil_msgs) by extension 'colcon_meta'
[0.421s] Level 1:colcon.colcon_core.package_identification:_identify(robmovil_msgs) by extensions ['ros']
[0.421s] Level 1:colcon.colcon_core.package_identification:_identify(robmovil_msgs) by extension 'ros'
[0.422s] DEBUG:colcon.colcon_core.package_identification:Package 'robmovil_msgs' with type 'ros.ament_cmake' and name 'robmovil_msgs'
[0.422s] Level 1:colcon.colcon_core.package_discovery:discover_packages(recursive) using defaults
[0.422s] Level 1:colcon.colcon_core.package_discovery:discover_packages(ignore) discover
[0.422s] Level 1:colcon.colcon_core.package_discovery:discover_packages(ignore) using defaults
[0.422s] Level 1:colcon.colcon_core.package_discovery:discover_packages(path) discover
[0.422s] Level 1:colcon.colcon_core.package_discovery:discover_packages(path) using defaults
[0.469s] Level 5:colcon.colcon_core.verb:set package 'robmovil_msgs' build argument 'cmake_args' from command line to 'None'
[0.469s] Level 5:colcon.colcon_core.verb:set package 'robmovil_msgs' build argument 'cmake_target' from command line to 'None'
[0.469s] Level 5:colcon.colcon_core.verb:set package 'robmovil_msgs' build argument 'cmake_target_skip_unavailable' from command line to 'False'
[0.469s] Level 5:colcon.colcon_core.verb:set package 'robmovil_msgs' build argument 'cmake_clean_cache' from command line to 'False'
[0.469s] Level 5:colcon.colcon_core.verb:set package 'robmovil_msgs' build argument 'cmake_clean_first' from command line to 'False'
[0.469s] Level 5:colcon.colcon_core.verb:set package 'robmovil_msgs' build argument 'cmake_force_configure' from command line to 'False'
[0.469s] Level 5:colcon.colcon_core.verb:set package 'robmovil_msgs' build argument 'ament_cmake_args' from command line to 'None'
[0.469s] Level 5:colcon.colcon_core.verb:set package 'robmovil_msgs' build argument 'catkin_cmake_args' from command line to 'None'
[0.469s] Level 5:colcon.colcon_core.verb:set package 'robmovil_msgs' build argument 'catkin_skip_building_tests' from command line to 'False'
[0.469s] DEBUG:colcon.colcon_core.verb:Building package 'robmovil_msgs' with the following arguments: {'ament_cmake_args': None, 'build_base': '/root/ros2_ws/src/robotica/build/robmovil_msgs', 'catkin_cmake_args': None, 'catkin_skip_building_tests': False, 'cmake_args': None, 'cmake_clean_cache': False, 'cmake_clean_first': False, 'cmake_force_configure': False, 'cmake_target': None, 'cmake_target_skip_unavailable': False, 'install_base': '/root/ros2_ws/src/robotica/install/robmovil_msgs', 'merge_install': False, 'path': '/root/ros2_ws/src/robotica/robmovil_msgs', 'symlink_install': False, 'test_result_base': None}
[0.470s] Level 5:colcon.colcon_core.verb:set package 'ej1' build argument 'cmake_args' from command line to 'None'
[0.470s] Level 5:colcon.colcon_core.verb:set package 'ej1' build argument 'cmake_target' from command line to 'None'
[0.470s] Level 5:colcon.colcon_core.verb:set package 'ej1' build argument 'cmake_target_skip_unavailable' from command line to 'False'
[0.470s] Level 5:colcon.colcon_core.verb:set package 'ej1' build argument 'cmake_clean_cache' from command line to 'False'
[0.470s] Level 5:colcon.colcon_core.verb:set package 'ej1' build argument 'cmake_clean_first' from command line to 'False'
[0.470s] Level 5:colcon.colcon_core.verb:set package 'ej1' build argument 'cmake_force_configure' from command line to 'False'
[0.470s] Level 5:colcon.colcon_core.verb:set package 'ej1' build argument 'ament_cmake_args' from command line to 'None'
[0.470s] Level 5:colcon.colcon_core.verb:set package 'ej1' build argument 'catkin_cmake_args' from command line to 'None'
[0.470s] Level 5:colcon.colcon_core.verb:set package 'ej1' build argument 'catkin_skip_building_tests' from command line to 'False'
[0.470s] DEBUG:colcon.colcon_core.verb:Building package 'ej1' with the following arguments: {'ament_cmake_args': None, 'build_base': '/root/ros2_ws/src/robotica/build/ej1', 'catkin_cmake_args': None, 'catkin_skip_building_tests': False, 'cmake_args': None, 'cmake_clean_cache': False, 'cmake_clean_first': False, 'cmake_force_configure': False, 'cmake_target': None, 'cmake_target_skip_unavailable': False, 'install_base': '/root/ros2_ws/src/robotica/install/ej1', 'merge_install': False, 'path': '/root/ros2_ws/src/robotica/ej1', 'symlink_install': False, 'test_result_base': None}
[0.470s] Level 5:colcon.colcon_core.verb:set package 'ej2' build argument 'cmake_args' from command line to 'None'
[0.470s] Level 5:colcon.colcon_core.verb:set package 'ej2' build argument 'cmake_target' from command line to 'None'
[0.470s] Level 5:colcon.colcon_core.verb:set package 'ej2' build argument 'cmake_target_skip_unavailable' from command line to 'False'
[0.470s] Level 5:colcon.colcon_core.verb:set package 'ej2' build argument 'cmake_clean_cache' from command line to 'False'
[0.471s] Level 5:colcon.colcon_core.verb:set package 'ej2' build argument 'cmake_clean_first' from command line to 'False'
[0.471s] Level 5:colcon.colcon_core.verb:set package 'ej2' build argument 'cmake_force_configure' from command line to 'False'
[0.471s] Level 5:colcon.colcon_core.verb:set package 'ej2' build argument 'ament_cmake_args' from command line to 'None'
[0.471s] Level 5:colcon.colcon_core.verb:set package 'ej2' build argument 'catkin_cmake_args' from command line to 'None'
[0.471s] Level 5:colcon.colcon_core.verb:set package 'ej2' build argument 'catkin_skip_building_tests' from command line to 'False'
[0.471s] DEBUG:colcon.colcon_core.verb:Building package 'ej2' with the following arguments: {'ament_cmake_args': None, 'build_base': '/root/ros2_ws/src/robotica/build/ej2', 'catkin_cmake_args': None, 'catkin_skip_building_tests': False, 'cmake_args': None, 'cmake_clean_cache': False, 'cmake_clean_first': False, 'cmake_force_configure': False, 'cmake_target': None, 'cmake_target_skip_unavailable': False, 'install_base': '/root/ros2_ws/src/robotica/install/ej2', 'merge_install': False, 'path': '/root/ros2_ws/src/robotica/ej2', 'symlink_install': False, 'test_result_base': None}
[0.471s] INFO:colcon.colcon_core.executor:Executing jobs using 'parallel' executor
[0.472s] DEBUG:colcon.colcon_parallel_executor.executor.parallel:run_until_complete
[0.473s] INFO:colcon.colcon_ros.task.ament_cmake.build:Building ROS package in '/root/ros2_ws/src/robotica/robmovil_msgs' with build type 'ament_cmake'
[0.473s] INFO:colcon.colcon_cmake.task.cmake.build:Building CMake package in '/root/ros2_ws/src/robotica/robmovil_msgs'
[0.476s] INFO:colcon.colcon_core.plugin_system:Skipping extension 'colcon_core.shell.bat': Not used on non-Windows systems
[0.476s] INFO:colcon.colcon_core.shell:Skip shell extension 'powershell' for command environment: Not usable outside of PowerShell
[0.476s] DEBUG:colcon.colcon_core.shell:Skip shell extension 'dsv' for command environment
[0.490s] DEBUG:colcon.colcon_core.event_handler.log_command:Invoking command in '/root/ros2_ws/src/robotica/build/robmovil_msgs': CMAKE_PREFIX_PATH=${CMAKE_PREFIX_PATH}:/opt/ros/humble /usr/bin/cmake --build /root/ros2_ws/src/robotica/build/robmovil_msgs -- -j8 -l8
[1.027s] DEBUG:colcon.colcon_core.event_handler.log_command:Invoked command in '/root/ros2_ws/src/robotica/build/robmovil_msgs' returned '0': CMAKE_PREFIX_PATH=${CMAKE_PREFIX_PATH}:/opt/ros/humble /usr/bin/cmake --build /root/ros2_ws/src/robotica/build/robmovil_msgs -- -j8 -l8
[1.039s] DEBUG:colcon.colcon_core.event_handler.log_command:Invoking command in '/root/ros2_ws/src/robotica/build/robmovil_msgs': CMAKE_PREFIX_PATH=${CMAKE_PREFIX_PATH}:/opt/ros/humble /usr/bin/cmake --install /root/ros2_ws/src/robotica/build/robmovil_msgs
[1.122s] Level 1:colcon.colcon_core.environment:create_environment_scripts_only(robmovil_msgs)
[1.123s] DEBUG:colcon.colcon_core.event_handler.log_command:Invoked command in '/root/ros2_ws/src/robotica/build/robmovil_msgs' returned '0': CMAKE_PREFIX_PATH=${CMAKE_PREFIX_PATH}:/opt/ros/humble /usr/bin/cmake --install /root/ros2_ws/src/robotica/build/robmovil_msgs
[1.125s] Level 1:colcon.colcon_core.environment:checking '/root/ros2_ws/src/robotica/install/robmovil_msgs' for CMake module files
[1.126s] Level 1:colcon.colcon_core.environment:checking '/root/ros2_ws/src/robotica/install/robmovil_msgs' for CMake config files
[1.126s] Level 1:colcon.colcon_core.shell:create_environment_hook('robmovil_msgs', 'cmake_prefix_path')
[1.126s] INFO:colcon.colcon_core.shell:Creating environment hook '/root/ros2_ws/src/robotica/install/robmovil_msgs/share/robmovil_msgs/hook/cmake_prefix_path.ps1'
[1.127s] INFO:colcon.colcon_core.shell:Creating environment descriptor '/root/ros2_ws/src/robotica/install/robmovil_msgs/share/robmovil_msgs/hook/cmake_prefix_path.dsv'
[1.128s] INFO:colcon.colcon_core.shell:Creating environment hook '/root/ros2_ws/src/robotica/install/robmovil_msgs/share/robmovil_msgs/hook/cmake_prefix_path.sh'
[1.129s] Level 1:colcon.colcon_core.environment:checking '/root/ros2_ws/src/robotica/install/robmovil_msgs/lib'
[1.129s] Level 1:colcon.colcon_core.shell:create_environment_hook('robmovil_msgs', 'ld_library_path_lib')
[1.129s] INFO:colcon.colcon_core.shell:Creating environment hook '/root/ros2_ws/src/robotica/install/robmovil_msgs/share/robmovil_msgs/hook/ld_library_path_lib.ps1'
[1.130s] INFO:colcon.colcon_core.shell:Creating environment descriptor '/root/ros2_ws/src/robotica/install/robmovil_msgs/share/robmovil_msgs/hook/ld_library_path_lib.dsv'
[1.130s] INFO:colcon.colcon_core.shell:Creating environment hook '/root/ros2_ws/src/robotica/install/robmovil_msgs/share/robmovil_msgs/hook/ld_library_path_lib.sh'
[1.131s] Level 1:colcon.colcon_core.environment:checking '/root/ros2_ws/src/robotica/install/robmovil_msgs/bin'
[1.131s] Level 1:colcon.colcon_core.environment:checking '/root/ros2_ws/src/robotica/install/robmovil_msgs/lib/pkgconfig/robmovil_msgs.pc'
[1.133s] Level 1:colcon.colcon_core.environment:checking '/root/ros2_ws/src/robotica/install/robmovil_msgs/lib/python3.10/site-packages'
[1.134s] Level 1:colcon.colcon_core.environment:checking '/root/ros2_ws/src/robotica/install/robmovil_msgs/bin'
[1.134s] INFO:colcon.colcon_core.shell:Creating package script '/root/ros2_ws/src/robotica/install/robmovil_msgs/share/robmovil_msgs/package.ps1'
[1.136s] INFO:colcon.colcon_core.shell:Creating package descriptor '/root/ros2_ws/src/robotica/install/robmovil_msgs/share/robmovil_msgs/package.dsv'
[1.137s] INFO:colcon.colcon_core.shell:Creating package script '/root/ros2_ws/src/robotica/install/robmovil_msgs/share/robmovil_msgs/package.sh'
[1.138s] INFO:colcon.colcon_core.shell:Creating package script '/root/ros2_ws/src/robotica/install/robmovil_msgs/share/robmovil_msgs/package.bash'
[1.139s] INFO:colcon.colcon_core.shell:Creating package script '/root/ros2_ws/src/robotica/install/robmovil_msgs/share/robmovil_msgs/package.zsh'
[1.140s] Level 1:colcon.colcon_core.environment:create_file_with_runtime_dependencies(/root/ros2_ws/src/robotica/install/robmovil_msgs/share/colcon-core/packages/robmovil_msgs)
[1.140s] Level 1:colcon.colcon_core.environment:create_environment_scripts_only(robmovil_msgs)
[1.141s] Level 1:colcon.colcon_core.environment:checking '/root/ros2_ws/src/robotica/install/robmovil_msgs' for CMake module files
[1.141s] Level 1:colcon.colcon_core.environment:checking '/root/ros2_ws/src/robotica/install/robmovil_msgs' for CMake config files
[1.142s] Level 1:colcon.colcon_core.shell:create_environment_hook('robmovil_msgs', 'cmake_prefix_path')
[1.142s] INFO:colcon.colcon_core.shell:Creating environment hook '/root/ros2_ws/src/robotica/install/robmovil_msgs/share/robmovil_msgs/hook/cmake_prefix_path.ps1'
[1.143s] INFO:colcon.colcon_core.shell:Creating environment descriptor '/root/ros2_ws/src/robotica/install/robmovil_msgs/share/robmovil_msgs/hook/cmake_prefix_path.dsv'
[1.143s] INFO:colcon.colcon_core.shell:Creating environment hook '/root/ros2_ws/src/robotica/install/robmovil_msgs/share/robmovil_msgs/hook/cmake_prefix_path.sh'
[1.144s] Level 1:colcon.colcon_core.environment:checking '/root/ros2_ws/src/robotica/install/robmovil_msgs/lib'
[1.144s] Level 1:colcon.colcon_core.shell:create_environment_hook('robmovil_msgs', 'ld_library_path_lib')
[1.144s] INFO:colcon.colcon_core.shell:Creating environment hook '/root/ros2_ws/src/robotica/install/robmovil_msgs/share/robmovil_msgs/hook/ld_library_path_lib.ps1'
[1.145s] INFO:colcon.colcon_core.shell:Creating environment descriptor '/root/ros2_ws/src/robotica/install/robmovil_msgs/share/robmovil_msgs/hook/ld_library_path_lib.dsv'
[1.145s] INFO:colcon.colcon_core.shell:Creating environment hook '/root/ros2_ws/src/robotica/install/robmovil_msgs/share/robmovil_msgs/hook/ld_library_path_lib.sh'
[1.145s] Level 1:colcon.colcon_core.environment:checking '/root/ros2_ws/src/robotica/install/robmovil_msgs/bin'
[1.146s] Level 1:colcon.colcon_core.environment:checking '/root/ros2_ws/src/robotica/install/robmovil_msgs/lib/pkgconfig/robmovil_msgs.pc'
[1.146s] Level 1:colcon.colcon_core.environment:checking '/root/ros2_ws/src/robotica/install/robmovil_msgs/lib/python3.10/site-packages'
[1.146s] Level 1:colcon.colcon_core.environment:checking '/root/ros2_ws/src/robotica/install/robmovil_msgs/bin'
[1.147s] INFO:colcon.colcon_core.shell:Creating package script '/root/ros2_ws/src/robotica/install/robmovil_msgs/share/robmovil_msgs/package.ps1'
[1.147s] INFO:colcon.colcon_core.shell:Creating package descriptor '/root/ros2_ws/src/robotica/install/robmovil_msgs/share/robmovil_msgs/package.dsv'
[1.148s] INFO:colcon.colcon_core.shell:Creating package script '/root/ros2_ws/src/robotica/install/robmovil_msgs/share/robmovil_msgs/package.sh'
[1.148s] INFO:colcon.colcon_core.shell:Creating package script '/root/ros2_ws/src/robotica/install/robmovil_msgs/share/robmovil_msgs/package.bash'
[1.149s] INFO:colcon.colcon_core.shell:Creating package script '/root/ros2_ws/src/robotica/install/robmovil_msgs/share/robmovil_msgs/package.zsh'
[1.149s] Level 1:colcon.colcon_core.environment:create_file_with_runtime_dependencies(/root/ros2_ws/src/robotica/install/robmovil_msgs/share/colcon-core/packages/robmovil_msgs)
[1.150s] INFO:colcon.colcon_ros.task.ament_cmake.build:Building ROS package in '/root/ros2_ws/src/robotica/ej1' with build type 'ament_cmake'
[1.150s] INFO:colcon.colcon_cmake.task.cmake.build:Building CMake package in '/root/ros2_ws/src/robotica/ej1'
[1.151s] INFO:colcon.colcon_core.shell:Skip shell extension 'powershell' for command environment: Not usable outside of PowerShell
[1.151s] DEBUG:colcon.colcon_core.shell:Skip shell extension 'dsv' for command environment
[1.156s] INFO:colcon.colcon_ros.task.ament_cmake.build:Building ROS package in '/root/ros2_ws/src/robotica/ej2' with build type 'ament_cmake'
[1.156s] INFO:colcon.colcon_cmake.task.cmake.build:Building CMake package in '/root/ros2_ws/src/robotica/ej2'
[1.157s] INFO:colcon.colcon_core.shell:Skip shell extension 'powershell' for command environment: Not usable outside of PowerShell
[1.157s] DEBUG:colcon.colcon_core.shell:Skip shell extension 'dsv' for command environment
[1.166s] DEBUG:colcon.colcon_core.event_handler.log_command:Invoking command in '/root/ros2_ws/src/robotica/build/ej1': AMENT_PREFIX_PATH=/root/ros2_ws/src/robotica/install/robmovil_msgs:${AMENT_PREFIX_PATH} CMAKE_PREFIX_PATH=/root/ros2_ws/src/robotica/install/robmovil_msgs:/root/ros2_ws/install/sim_ros2_interface:/root/ros2_ws/install/lazo_abierto:/root/ros2_ws/install/ej2:/root/ros2_ws/install/ej1:/root/ros2_ws/install/robmovil_msgs:/opt/ros/humble LD_LIBRARY_PATH=/root/ros2_ws/src/robotica/install/robmovil_msgs/lib:/root/ros2_ws/install/lazo_abierto/lib:/root/ros2_ws/install/robmovil_msgs/lib:/usr/lib/x86_64-linux-gnu/gazebo-11/plugins:/opt/ros/humble/opt/rviz_ogre_vendor/lib:/opt/ros/humble/lib/x86_64-linux-gnu:/opt/ros/humble/lib:/usr/lib/x86_64-linux-gnu/gazebo-11/plugins PYTHONPATH=/root/ros2_ws/src/robotica/install/robmovil_msgs/local/lib/python3.10/dist-packages:${PYTHONPATH} /usr/bin/cmake --build /root/ros2_ws/src/robotica/build/ej1 -- -j8 -l8
[1.172s] DEBUG:colcon.colcon_core.event_handler.log_command:Invoking command in '/root/ros2_ws/src/robotica/build/ej2': AMENT_PREFIX_PATH=/root/ros2_ws/src/robotica/install/robmovil_msgs:${AMENT_PREFIX_PATH} CMAKE_PREFIX_PATH=/root/ros2_ws/src/robotica/install/robmovil_msgs:/root/ros2_ws/install/sim_ros2_interface:/root/ros2_ws/install/lazo_abierto:/root/ros2_ws/install/ej2:/root/ros2_ws/install/ej1:/root/ros2_ws/install/robmovil_msgs:/opt/ros/humble LD_LIBRARY_PATH=/root/ros2_ws/src/robotica/install/robmovil_msgs/lib:/root/ros2_ws/install/lazo_abierto/lib:/root/ros2_ws/install/robmovil_msgs/lib:/usr/lib/x86_64-linux-gnu/gazebo-11/plugins:/opt/ros/humble/opt/rviz_ogre_vendor/lib:/opt/ros/humble/lib/x86_64-linux-gnu:/opt/ros/humble/lib:/usr/lib/x86_64-linux-gnu/gazebo-11/plugins PYTHONPATH=/root/ros2_ws/src/robotica/install/robmovil_msgs/local/lib/python3.10/dist-packages:${PYTHONPATH} /usr/bin/cmake --build /root/ros2_ws/src/robotica/build/ej2 -- -j8 -l8
[1.282s] DEBUG:colcon.colcon_core.event_handler.log_command:Invoked command in '/root/ros2_ws/src/robotica/build/ej1' returned '0': AMENT_PREFIX_PATH=/root/ros2_ws/src/robotica/install/robmovil_msgs:${AMENT_PREFIX_PATH} CMAKE_PREFIX_PATH=/root/ros2_ws/src/robotica/install/robmovil_msgs:/root/ros2_ws/install/sim_ros2_interface:/root/ros2_ws/install/lazo_abierto:/root/ros2_ws/install/ej2:/root/ros2_ws/install/ej1:/root/ros2_ws/install/robmovil_msgs:/opt/ros/humble LD_LIBRARY_PATH=/root/ros2_ws/src/robotica/install/robmovil_msgs/lib:/root/ros2_ws/install/lazo_abierto/lib:/root/ros2_ws/install/robmovil_msgs/lib:/usr/lib/x86_64-linux-gnu/gazebo-11/plugins:/opt/ros/humble/opt/rviz_ogre_vendor/lib:/opt/ros/humble/lib/x86_64-linux-gnu:/opt/ros/humble/lib:/usr/lib/x86_64-linux-gnu/gazebo-11/plugins PYTHONPATH=/root/ros2_ws/src/robotica/install/robmovil_msgs/local/lib/python3.10/dist-packages:${PYTHONPATH} /usr/bin/cmake --build /root/ros2_ws/src/robotica/build/ej1 -- -j8 -l8
[1.284s] DEBUG:colcon.colcon_core.event_handler.log_command:Invoking command in '/root/ros2_ws/src/robotica/build/ej1': AMENT_PREFIX_PATH=/root/ros2_ws/src/robotica/install/robmovil_msgs:${AMENT_PREFIX_PATH} CMAKE_PREFIX_PATH=/root/ros2_ws/src/robotica/install/robmovil_msgs:/root/ros2_ws/install/sim_ros2_interface:/root/ros2_ws/install/lazo_abierto:/root/ros2_ws/install/ej2:/root/ros2_ws/install/ej1:/root/ros2_ws/install/robmovil_msgs:/opt/ros/humble LD_LIBRARY_PATH=/root/ros2_ws/src/robotica/install/robmovil_msgs/lib:/root/ros2_ws/install/lazo_abierto/lib:/root/ros2_ws/install/robmovil_msgs/lib:/usr/lib/x86_64-linux-gnu/gazebo-11/plugins:/opt/ros/humble/opt/rviz_ogre_vendor/lib:/opt/ros/humble/lib/x86_64-linux-gnu:/opt/ros/humble/lib:/usr/lib/x86_64-linux-gnu/gazebo-11/plugins PYTHONPATH=/root/ros2_ws/src/robotica/install/robmovil_msgs/local/lib/python3.10/dist-packages:${PYTHONPATH} /usr/bin/cmake --install /root/ros2_ws/src/robotica/build/ej1
[1.298s] Level 1:colcon.colcon_core.environment:create_environment_scripts_only(ej1)
[1.299s] Level 1:colcon.colcon_core.environment:checking '/root/ros2_ws/src/robotica/install/ej1' for CMake module files
[1.299s] DEBUG:colcon.colcon_core.event_handler.log_command:Invoked command in '/root/ros2_ws/src/robotica/build/ej1' returned '0': AMENT_PREFIX_PATH=/root/ros2_ws/src/robotica/install/robmovil_msgs:${AMENT_PREFIX_PATH} CMAKE_PREFIX_PATH=/root/ros2_ws/src/robotica/install/robmovil_msgs:/root/ros2_ws/install/sim_ros2_interface:/root/ros2_ws/install/lazo_abierto:/root/ros2_ws/install/ej2:/root/ros2_ws/install/ej1:/root/ros2_ws/install/robmovil_msgs:/opt/ros/humble LD_LIBRARY_PATH=/root/ros2_ws/src/robotica/install/robmovil_msgs/lib:/root/ros2_ws/install/lazo_abierto/lib:/root/ros2_ws/install/robmovil_msgs/lib:/usr/lib/x86_64-linux-gnu/gazebo-11/plugins:/opt/ros/humble/opt/rviz_ogre_vendor/lib:/opt/ros/humble/lib/x86_64-linux-gnu:/opt/ros/humble/lib:/usr/lib/x86_64-linux-gnu/gazebo-11/plugins PYTHONPATH=/root/ros2_ws/src/robotica/install/robmovil_msgs/local/lib/python3.10/dist-packages:${PYTHONPATH} /usr/bin/cmake --install /root/ros2_ws/src/robotica/build/ej1
[1.300s] Level 1:colcon.colcon_core.environment:checking '/root/ros2_ws/src/robotica/install/ej1' for CMake config files
[1.300s] Level 1:colcon.colcon_core.shell:create_environment_hook('ej1', 'cmake_prefix_path')
[1.301s] INFO:colcon.colcon_core.shell:Creating environment hook '/root/ros2_ws/src/robotica/install/ej1/share/ej1/hook/cmake_prefix_path.ps1'
[1.302s] INFO:colcon.colcon_core.shell:Creating environment descriptor '/root/ros2_ws/src/robotica/install/ej1/share/ej1/hook/cmake_prefix_path.dsv'
[1.303s] INFO:colcon.colcon_core.shell:Creating environment hook '/root/ros2_ws/src/robotica/install/ej1/share/ej1/hook/cmake_prefix_path.sh'
[1.304s] Level 1:colcon.colcon_core.environment:checking '/root/ros2_ws/src/robotica/install/ej1/lib'
[1.304s] Level 1:colcon.colcon_core.environment:checking '/root/ros2_ws/src/robotica/install/ej1/bin'
[1.304s] Level 1:colcon.colcon_core.environment:checking '/root/ros2_ws/src/robotica/install/ej1/lib/pkgconfig/ej1.pc'
[1.304s] Level 1:colcon.colcon_core.environment:checking '/root/ros2_ws/src/robotica/install/ej1/lib/python3.10/site-packages'
[1.305s] Level 1:colcon.colcon_core.environment:checking '/root/ros2_ws/src/robotica/install/ej1/bin'
[1.305s] INFO:colcon.colcon_core.shell:Creating package script '/root/ros2_ws/src/robotica/install/ej1/share/ej1/package.ps1'
[1.306s] INFO:colcon.colcon_core.shell:Creating package descriptor '/root/ros2_ws/src/robotica/install/ej1/share/ej1/package.dsv'
[1.307s] INFO:colcon.colcon_core.shell:Creating package script '/root/ros2_ws/src/robotica/install/ej1/share/ej1/package.sh'
[1.307s] INFO:colcon.colcon_core.shell:Creating package script '/root/ros2_ws/src/robotica/install/ej1/share/ej1/package.bash'
[1.308s] INFO:colcon.colcon_core.shell:Creating package script '/root/ros2_ws/src/robotica/install/ej1/share/ej1/package.zsh'
[1.309s] Level 1:colcon.colcon_core.environment:create_file_with_runtime_dependencies(/root/ros2_ws/src/robotica/install/ej1/share/colcon-core/packages/ej1)
[1.311s] Level 1:colcon.colcon_core.environment:create_environment_scripts_only(ej1)
[1.311s] Level 1:colcon.colcon_core.environment:checking '/root/ros2_ws/src/robotica/install/ej1' for CMake module files
[1.312s] Level 1:colcon.colcon_core.environment:checking '/root/ros2_ws/src/robotica/install/ej1' for CMake config files
[1.312s] Level 1:colcon.colcon_core.shell:create_environment_hook('ej1', 'cmake_prefix_path')
[1.313s] INFO:colcon.colcon_core.shell:Creating environment hook '/root/ros2_ws/src/robotica/install/ej1/share/ej1/hook/cmake_prefix_path.ps1'
[1.313s] INFO:colcon.colcon_core.shell:Creating environment descriptor '/root/ros2_ws/src/robotica/install/ej1/share/ej1/hook/cmake_prefix_path.dsv'
[1.314s] INFO:colcon.colcon_core.shell:Creating environment hook '/root/ros2_ws/src/robotica/install/ej1/share/ej1/hook/cmake_prefix_path.sh'
[1.315s] Level 1:colcon.colcon_core.environment:checking '/root/ros2_ws/src/robotica/install/ej1/lib'
[1.315s] Level 1:colcon.colcon_core.environment:checking '/root/ros2_ws/src/robotica/install/ej1/bin'
[1.315s] Level 1:colcon.colcon_core.environment:checking '/root/ros2_ws/src/robotica/install/ej1/lib/pkgconfig/ej1.pc'
[1.315s] Level 1:colcon.colcon_core.environment:checking '/root/ros2_ws/src/robotica/install/ej1/lib/python3.10/site-packages'
[1.316s] Level 1:colcon.colcon_core.environment:checking '/root/ros2_ws/src/robotica/install/ej1/bin'
[1.316s] INFO:colcon.colcon_core.shell:Creating package script '/root/ros2_ws/src/robotica/install/ej1/share/ej1/package.ps1'
[1.317s] INFO:colcon.colcon_core.shell:Creating package descriptor '/root/ros2_ws/src/robotica/install/ej1/share/ej1/package.dsv'
[1.318s] INFO:colcon.colcon_core.shell:Creating package script '/root/ros2_ws/src/robotica/install/ej1/share/ej1/package.sh'
[1.318s] INFO:colcon.colcon_core.shell:Creating package script '/root/ros2_ws/src/robotica/install/ej1/share/ej1/package.bash'
[1.319s] INFO:colcon.colcon_core.shell:Creating package script '/root/ros2_ws/src/robotica/install/ej1/share/ej1/package.zsh'
[1.320s] Level 1:colcon.colcon_core.environment:create_file_with_runtime_dependencies(/root/ros2_ws/src/robotica/install/ej1/share/colcon-core/packages/ej1)
[6.166s] DEBUG:colcon.colcon_core.event_handler.log_command:Invoked command in '/root/ros2_ws/src/robotica/build/ej2' returned '0': AMENT_PREFIX_PATH=/root/ros2_ws/src/robotica/install/robmovil_msgs:${AMENT_PREFIX_PATH} CMAKE_PREFIX_PATH=/root/ros2_ws/src/robotica/install/robmovil_msgs:/root/ros2_ws/install/sim_ros2_interface:/root/ros2_ws/install/lazo_abierto:/root/ros2_ws/install/ej2:/root/ros2_ws/install/ej1:/root/ros2_ws/install/robmovil_msgs:/opt/ros/humble LD_LIBRARY_PATH=/root/ros2_ws/src/robotica/install/robmovil_msgs/lib:/root/ros2_ws/install/lazo_abierto/lib:/root/ros2_ws/install/robmovil_msgs/lib:/usr/lib/x86_64-linux-gnu/gazebo-11/plugins:/opt/ros/humble/opt/rviz_ogre_vendor/lib:/opt/ros/humble/lib/x86_64-linux-gnu:/opt/ros/humble/lib:/usr/lib/x86_64-linux-gnu/gazebo-11/plugins PYTHONPATH=/root/ros2_ws/src/robotica/install/robmovil_msgs/local/lib/python3.10/dist-packages:${PYTHONPATH} /usr/bin/cmake --build /root/ros2_ws/src/robotica/build/ej2 -- -j8 -l8
[6.169s] DEBUG:colcon.colcon_core.event_handler.log_command:Invoking command in '/root/ros2_ws/src/robotica/build/ej2': AMENT_PREFIX_PATH=/root/ros2_ws/src/robotica/install/robmovil_msgs:${AMENT_PREFIX_PATH} CMAKE_PREFIX_PATH=/root/ros2_ws/src/robotica/install/robmovil_msgs:/root/ros2_ws/install/sim_ros2_interface:/root/ros2_ws/install/lazo_abierto:/root/ros2_ws/install/ej2:/root/ros2_ws/install/ej1:/root/ros2_ws/install/robmovil_msgs:/opt/ros/humble LD_LIBRARY_PATH=/root/ros2_ws/src/robotica/install/robmovil_msgs/lib:/root/ros2_ws/install/lazo_abierto/lib:/root/ros2_ws/install/robmovil_msgs/lib:/usr/lib/x86_64-linux-gnu/gazebo-11/plugins:/opt/ros/humble/opt/rviz_ogre_vendor/lib:/opt/ros/humble/lib/x86_64-linux-gnu:/opt/ros/humble/lib:/usr/lib/x86_64-linux-gnu/gazebo-11/plugins PYTHONPATH=/root/ros2_ws/src/robotica/install/robmovil_msgs/local/lib/python3.10/dist-packages:${PYTHONPATH} /usr/bin/cmake --install /root/ros2_ws/src/robotica/build/ej2
[6.194s] Level 1:colcon.colcon_core.environment:create_environment_scripts_only(ej2)
[6.195s] Level 1:colcon.colcon_core.environment:checking '/root/ros2_ws/src/robotica/install/ej2' for CMake module files
[6.196s] DEBUG:colcon.colcon_core.event_handler.log_command:Invoked command in '/root/ros2_ws/src/robotica/build/ej2' returned '0': AMENT_PREFIX_PATH=/root/ros2_ws/src/robotica/install/robmovil_msgs:${AMENT_PREFIX_PATH} CMAKE_PREFIX_PATH=/root/ros2_ws/src/robotica/install/robmovil_msgs:/root/ros2_ws/install/sim_ros2_interface:/root/ros2_ws/install/lazo_abierto:/root/ros2_ws/install/ej2:/root/ros2_ws/install/ej1:/root/ros2_ws/install/robmovil_msgs:/opt/ros/humble LD_LIBRARY_PATH=/root/ros2_ws/src/robotica/install/robmovil_msgs/lib:/root/ros2_ws/install/lazo_abierto/lib:/root/ros2_ws/install/robmovil_msgs/lib:/usr/lib/x86_64-linux-gnu/gazebo-11/plugins:/opt/ros/humble/opt/rviz_ogre_vendor/lib:/opt/ros/humble/lib/x86_64-linux-gnu:/opt/ros/humble/lib:/usr/lib/x86_64-linux-gnu/gazebo-11/plugins PYTHONPATH=/root/ros2_ws/src/robotica/install/robmovil_msgs/local/lib/python3.10/dist-packages:${PYTHONPATH} /usr/bin/cmake --install /root/ros2_ws/src/robotica/build/ej2
[6.196s] Level 1:colcon.colcon_core.environment:checking '/root/ros2_ws/src/robotica/install/ej2' for CMake config files
[6.196s] Level 1:colcon.colcon_core.shell:create_environment_hook('ej2', 'cmake_prefix_path')
[6.196s] INFO:colcon.colcon_core.shell:Creating environment hook '/root/ros2_ws/src/robotica/install/ej2/share/ej2/hook/cmake_prefix_path.ps1'
[6.197s] INFO:colcon.colcon_core.shell:Creating environment descriptor '/root/ros2_ws/src/robotica/install/ej2/share/ej2/hook/cmake_prefix_path.dsv'
[6.197s] INFO:colcon.colcon_core.shell:Creating environment hook '/root/ros2_ws/src/robotica/install/ej2/share/ej2/hook/cmake_prefix_path.sh'
[6.198s] Level 1:colcon.colcon_core.environment:checking '/root/ros2_ws/src/robotica/install/ej2/lib'
[6.198s] Level 1:colcon.colcon_core.environment:checking '/root/ros2_ws/src/robotica/install/ej2/bin'
[6.198s] Level 1:colcon.colcon_core.environment:checking '/root/ros2_ws/src/robotica/install/ej2/lib/pkgconfig/ej2.pc'
[6.199s] Level 1:colcon.colcon_core.environment:checking '/root/ros2_ws/src/robotica/install/ej2/lib/python3.10/site-packages'
[6.199s] Level 1:colcon.colcon_core.environment:checking '/root/ros2_ws/src/robotica/install/ej2/bin'
[6.199s] INFO:colcon.colcon_core.shell:Creating package script '/root/ros2_ws/src/robotica/install/ej2/share/ej2/package.ps1'
[6.200s] INFO:colcon.colcon_core.shell:Creating package descriptor '/root/ros2_ws/src/robotica/install/ej2/share/ej2/package.dsv'
[6.200s] INFO:colcon.colcon_core.shell:Creating package script '/root/ros2_ws/src/robotica/install/ej2/share/ej2/package.sh'
[6.201s] INFO:colcon.colcon_core.shell:Creating package script '/root/ros2_ws/src/robotica/install/ej2/share/ej2/package.bash'
[6.201s] INFO:colcon.colcon_core.shell:Creating package script '/root/ros2_ws/src/robotica/install/ej2/share/ej2/package.zsh'
[6.202s] Level 1:colcon.colcon_core.environment:create_file_with_runtime_dependencies(/root/ros2_ws/src/robotica/install/ej2/share/colcon-core/packages/ej2)
[6.203s] Level 1:colcon.colcon_core.environment:create_environment_scripts_only(ej2)
[6.203s] Level 1:colcon.colcon_core.environment:checking '/root/ros2_ws/src/robotica/install/ej2' for CMake module files
[6.204s] Level 1:colcon.colcon_core.environment:checking '/root/ros2_ws/src/robotica/install/ej2' for CMake config files
[6.204s] Level 1:colcon.colcon_core.shell:create_environment_hook('ej2', 'cmake_prefix_path')
[6.205s] INFO:colcon.colcon_core.shell:Creating environment hook '/root/ros2_ws/src/robotica/install/ej2/share/ej2/hook/cmake_prefix_path.ps1'
[6.205s] INFO:colcon.colcon_core.shell:Creating environment descriptor '/root/ros2_ws/src/robotica/install/ej2/share/ej2/hook/cmake_prefix_path.dsv'
[6.206s] INFO:colcon.colcon_core.shell:Creating environment hook '/root/ros2_ws/src/robotica/install/ej2/share/ej2/hook/cmake_prefix_path.sh'
[6.206s] Level 1:colcon.colcon_core.environment:checking '/root/ros2_ws/src/robotica/install/ej2/lib'
[6.207s] Level 1:colcon.colcon_core.environment:checking '/root/ros2_ws/src/robotica/install/ej2/bin'
[6.207s] Level 1:colcon.colcon_core.environment:checking '/root/ros2_ws/src/robotica/install/ej2/lib/pkgconfig/ej2.pc'
[6.207s] Level 1:colcon.colcon_core.environment:checking '/root/ros2_ws/src/robotica/install/ej2/lib/python3.10/site-packages'
[6.207s] Level 1:colcon.colcon_core.environment:checking '/root/ros2_ws/src/robotica/install/ej2/bin'
[6.208s] INFO:colcon.colcon_core.shell:Creating package script '/root/ros2_ws/src/robotica/install/ej2/share/ej2/package.ps1'
[6.209s] INFO:colcon.colcon_core.shell:Creating package descriptor '/root/ros2_ws/src/robotica/install/ej2/share/ej2/package.dsv'
[6.209s] INFO:colcon.colcon_core.shell:Creating package script '/root/ros2_ws/src/robotica/install/ej2/share/ej2/package.sh'
[6.210s] INFO:colcon.colcon_core.shell:Creating package script '/root/ros2_ws/src/robotica/install/ej2/share/ej2/package.bash'
[6.210s] INFO:colcon.colcon_core.shell:Creating package script '/root/ros2_ws/src/robotica/install/ej2/share/ej2/package.zsh'
[6.210s] Level 1:colcon.colcon_core.environment:create_file_with_runtime_dependencies(/root/ros2_ws/src/robotica/install/ej2/share/colcon-core/packages/ej2)
[6.211s] DEBUG:colcon.colcon_parallel_executor.executor.parallel:closing loop
[6.211s] DEBUG:colcon.colcon_parallel_executor.executor.parallel:loop closed
[6.212s] DEBUG:colcon.colcon_parallel_executor.executor.parallel:run_until_complete finished with '0'
[6.212s] DEBUG:colcon.colcon_core.event_reactor:joining thread
[6.217s] INFO:colcon.colcon_core.plugin_system:Skipping extension 'colcon_notification.desktop_notification.notify_send': Could not find 'notify-send'
[6.218s] INFO:colcon.colcon_core.plugin_system:Skipping extension 'colcon_notification.desktop_notification.terminal_notifier': Not used on non-Darwin systems
[6.218s] INFO:colcon.colcon_core.plugin_system:Skipping extension 'colcon_notification.desktop_notification.win32': Not used on non-Windows systems
[6.218s] INFO:colcon.colcon_notification.desktop_notification:Sending desktop notification using 'notify2'
[6.221s] DEBUG:colcon.colcon_notification.desktop_notification.notify2:Failed to initialize notify2: org.freedesktop.DBus.Error.Spawn.ExecFailed: /usr/bin/dbus-launch terminated abnormally without any error message
[6.221s] DEBUG:colcon.colcon_core.event_reactor:joined thread
[6.222s] INFO:colcon.colcon_core.shell:Creating prefix script '/root/ros2_ws/src/robotica/install/local_setup.ps1'
[6.224s] INFO:colcon.colcon_core.shell:Creating prefix util module '/root/ros2_ws/src/robotica/install/_local_setup_util_ps1.py'
[6.225s] INFO:colcon.colcon_core.shell:Creating prefix chain script '/root/ros2_ws/src/robotica/install/setup.ps1'
[6.227s] INFO:colcon.colcon_core.shell:Creating prefix script '/root/ros2_ws/src/robotica/install/local_setup.sh'
[6.228s] INFO:colcon.colcon_core.shell:Creating prefix util module '/root/ros2_ws/src/robotica/install/_local_setup_util_sh.py'
[6.229s] INFO:colcon.colcon_core.shell:Creating prefix chain script '/root/ros2_ws/src/robotica/install/setup.sh'
[6.230s] INFO:colcon.colcon_core.shell:Creating prefix script '/root/ros2_ws/src/robotica/install/local_setup.bash'
[6.231s] INFO:colcon.colcon_core.shell:Creating prefix chain script '/root/ros2_ws/src/robotica/install/setup.bash'
[6.232s] INFO:colcon.colcon_core.shell:Creating prefix script '/root/ros2_ws/src/robotica/install/local_setup.zsh'
[6.233s] INFO:colcon.colcon_core.shell:Creating prefix chain script '/root/ros2_ws/src/robotica/install/setup.zsh'
