[0.015s] Invoking command in '/root/ros2_ws/src/robotica/build/ej2': AMENT_PREFIX_PATH=/root/ros2_ws/src/robotica/install/robmovil_msgs:${AMENT_PREFIX_PATH} CMAKE_PREFIX_PATH=/root/ros2_ws/src/robotica/install/robmovil_msgs:/root/ros2_ws/install/sim_ros2_interface:/root/ros2_ws/install/lazo_abierto:/root/ros2_ws/install/ej2:/root/ros2_ws/install/ej1:/root/ros2_ws/install/robmovil_msgs:/opt/ros/humble LD_LIBRARY_PATH=/root/ros2_ws/src/robotica/install/robmovil_msgs/lib:/root/ros2_ws/install/lazo_abierto/lib:/root/ros2_ws/install/robmovil_msgs/lib:/usr/lib/x86_64-linux-gnu/gazebo-11/plugins:/opt/ros/humble/opt/rviz_ogre_vendor/lib:/opt/ros/humble/lib/x86_64-linux-gnu:/opt/ros/humble/lib:/usr/lib/x86_64-linux-gnu/gazebo-11/plugins PYTHONPATH=/root/ros2_ws/src/robotica/install/robmovil_msgs/local/lib/python3.10/dist-packages:${PYTHONPATH} /usr/bin/cmake --build /root/ros2_ws/src/robotica/build/ej2 -- -j8 -l8
[0.070s] [35m[1mConsolidate compiler generated dependencies of target trajectory_generator[0m
[0.072s] [35m[1mConsolidate compiler generated dependencies of target controllers_lib[0m
[0.073s] [35m[1mConsolidate compiler generated dependencies of target trajectory_waypoints[0m
[0.076s] [35m[1mConsolidate compiler generated dependencies of target logger[0m
[0.105s] [ 27%] Built target trajectory_generator
[0.106s] [ 27%] [32mBuilding CXX object CMakeFiles/trajectory_waypoints.dir/src/trajectory_waypoints_node.cpp.o[0m
[0.117s] [ 54%] Built target controllers_lib
[0.128s] [ 72%] Built target logger
[0.146s] [ 81%] [32mBuilding CXX object CMakeFiles/trajectory_follower_cl.dir/src/kinematic_position_controller_node.cpp.o[0m
[3.874s] [ 90%] [32m[1mLinking CXX executable trajectory_follower_cl[0m
[4.323s] [ 90%] Built target trajectory_follower_cl
[4.766s] [100%] [32m[1mLinking CXX executable trajectory_waypoints[0m
[4.997s] [100%] Built target trajectory_waypoints
[5.010s] Invoked command in '/root/ros2_ws/src/robotica/build/ej2' returned '0': AMENT_PREFIX_PATH=/root/ros2_ws/src/robotica/install/robmovil_msgs:${AMENT_PREFIX_PATH} CMAKE_PREFIX_PATH=/root/ros2_ws/src/robotica/install/robmovil_msgs:/root/ros2_ws/install/sim_ros2_interface:/root/ros2_ws/install/lazo_abierto:/root/ros2_ws/install/ej2:/root/ros2_ws/install/ej1:/root/ros2_ws/install/robmovil_msgs:/opt/ros/humble LD_LIBRARY_PATH=/root/ros2_ws/src/robotica/install/robmovil_msgs/lib:/root/ros2_ws/install/lazo_abierto/lib:/root/ros2_ws/install/robmovil_msgs/lib:/usr/lib/x86_64-linux-gnu/gazebo-11/plugins:/opt/ros/humble/opt/rviz_ogre_vendor/lib:/opt/ros/humble/lib/x86_64-linux-gnu:/opt/ros/humble/lib:/usr/lib/x86_64-linux-gnu/gazebo-11/plugins PYTHONPATH=/root/ros2_ws/src/robotica/install/robmovil_msgs/local/lib/python3.10/dist-packages:${PYTHONPATH} /usr/bin/cmake --build /root/ros2_ws/src/robotica/build/ej2 -- -j8 -l8
[5.012s] Invoking command in '/root/ros2_ws/src/robotica/build/ej2': AMENT_PREFIX_PATH=/root/ros2_ws/src/robotica/install/robmovil_msgs:${AMENT_PREFIX_PATH} CMAKE_PREFIX_PATH=/root/ros2_ws/src/robotica/install/robmovil_msgs:/root/ros2_ws/install/sim_ros2_interface:/root/ros2_ws/install/lazo_abierto:/root/ros2_ws/install/ej2:/root/ros2_ws/install/ej1:/root/ros2_ws/install/robmovil_msgs:/opt/ros/humble LD_LIBRARY_PATH=/root/ros2_ws/src/robotica/install/robmovil_msgs/lib:/root/ros2_ws/install/lazo_abierto/lib:/root/ros2_ws/install/robmovil_msgs/lib:/usr/lib/x86_64-linux-gnu/gazebo-11/plugins:/opt/ros/humble/opt/rviz_ogre_vendor/lib:/opt/ros/humble/lib/x86_64-linux-gnu:/opt/ros/humble/lib:/usr/lib/x86_64-linux-gnu/gazebo-11/plugins PYTHONPATH=/root/ros2_ws/src/robotica/install/robmovil_msgs/local/lib/python3.10/dist-packages:${PYTHONPATH} /usr/bin/cmake --install /root/ros2_ws/src/robotica/build/ej2
[5.024s] -- Install configuration: ""
[5.024s] -- Installing: /root/ros2_ws/src/robotica/install/ej2/lib/ej2/libcontrollers_lib.so
[5.026s] -- Set runtime path of "/root/ros2_ws/src/robotica/install/ej2/lib/ej2/libcontrollers_lib.so" to ""
[5.026s] -- Installing: /root/ros2_ws/src/robotica/install/ej2/lib/ej2/trajectory_follower_cl
[5.027s] -- Set runtime path of "/root/ros2_ws/src/robotica/install/ej2/lib/ej2/trajectory_follower_cl" to ""
[5.027s] -- Installing: /root/ros2_ws/src/robotica/install/ej2/lib/ej2/trajectory_generator
[5.029s] -- Set runtime path of "/root/ros2_ws/src/robotica/install/ej2/lib/ej2/trajectory_generator" to ""
[5.029s] -- Installing: /root/ros2_ws/src/robotica/install/ej2/lib/ej2/trajectory_waypoints
[5.032s] -- Set runtime path of "/root/ros2_ws/src/robotica/install/ej2/lib/ej2/trajectory_waypoints" to ""
[5.032s] -- Installing: /root/ros2_ws/src/robotica/install/ej2/lib/ej2/logger
[5.034s] -- Set runtime path of "/root/ros2_ws/src/robotica/install/ej2/lib/ej2/logger" to ""
[5.034s] -- Installing: /root/ros2_ws/src/robotica/install/ej2/include
[5.034s] -- Installing: /root/ros2_ws/src/robotica/install/ej2/include/ej2
[5.035s] -- Installing: /root/ros2_ws/src/robotica/install/ej2/include/ej2/TrajectoryFollower.h
[5.035s] -- Installing: /root/ros2_ws/src/robotica/install/ej2/include/ej2/KinematicPositionController.h
[5.035s] -- Installing: /root/ros2_ws/src/robotica/install/ej2/share/ej2/launch
[5.035s] -- Installing: /root/ros2_ws/src/robotica/install/ej2/share/ej2/launch/lazo_abierto.launch.py
[5.035s] -- Installing: /root/ros2_ws/src/robotica/install/ej2/share/ament_index/resource_index/package_run_dependencies/ej2
[5.035s] -- Installing: /root/ros2_ws/src/robotica/install/ej2/share/ament_index/resource_index/parent_prefix_path/ej2
[5.035s] -- Installing: /root/ros2_ws/src/robotica/install/ej2/share/ej2/environment/ament_prefix_path.sh
[5.036s] -- Installing: /root/ros2_ws/src/robotica/install/ej2/share/ej2/environment/ament_prefix_path.dsv
[5.036s] -- Installing: /root/ros2_ws/src/robotica/install/ej2/share/ej2/environment/path.sh
[5.036s] -- Installing: /root/ros2_ws/src/robotica/install/ej2/share/ej2/environment/path.dsv
[5.036s] -- Installing: /root/ros2_ws/src/robotica/install/ej2/share/ej2/local_setup.bash
[5.036s] -- Installing: /root/ros2_ws/src/robotica/install/ej2/share/ej2/local_setup.sh
[5.036s] -- Installing: /root/ros2_ws/src/robotica/install/ej2/share/ej2/local_setup.zsh
[5.036s] -- Installing: /root/ros2_ws/src/robotica/install/ej2/share/ej2/local_setup.dsv
[5.036s] -- Installing: /root/ros2_ws/src/robotica/install/ej2/share/ej2/package.dsv
[5.037s] -- Installing: /root/ros2_ws/src/robotica/install/ej2/share/ament_index/resource_index/packages/ej2
[5.037s] -- Installing: /root/ros2_ws/src/robotica/install/ej2/share/ej2/cmake/ej2Config.cmake
[5.037s] -- Installing: /root/ros2_ws/src/robotica/install/ej2/share/ej2/cmake/ej2Config-version.cmake
[5.037s] -- Installing: /root/ros2_ws/src/robotica/install/ej2/share/ej2/package.xml
[5.039s] Invoked command in '/root/ros2_ws/src/robotica/build/ej2' returned '0': AMENT_PREFIX_PATH=/root/ros2_ws/src/robotica/install/robmovil_msgs:${AMENT_PREFIX_PATH} CMAKE_PREFIX_PATH=/root/ros2_ws/src/robotica/install/robmovil_msgs:/root/ros2_ws/install/sim_ros2_interface:/root/ros2_ws/install/lazo_abierto:/root/ros2_ws/install/ej2:/root/ros2_ws/install/ej1:/root/ros2_ws/install/robmovil_msgs:/opt/ros/humble LD_LIBRARY_PATH=/root/ros2_ws/src/robotica/install/robmovil_msgs/lib:/root/ros2_ws/install/lazo_abierto/lib:/root/ros2_ws/install/robmovil_msgs/lib:/usr/lib/x86_64-linux-gnu/gazebo-11/plugins:/opt/ros/humble/opt/rviz_ogre_vendor/lib:/opt/ros/humble/lib/x86_64-linux-gnu:/opt/ros/humble/lib:/usr/lib/x86_64-linux-gnu/gazebo-11/plugins PYTHONPATH=/root/ros2_ws/src/robotica/install/robmovil_msgs/local/lib/python3.10/dist-packages:${PYTHONPATH} /usr/bin/cmake --install /root/ros2_ws/src/robotica/build/ej2
